Archive member included to satisfy reference by file (symbol)

c:/users/maka/documents/02- tools/imt_sdk_win_64/winarm/armgcc/bin/../lib/gcc/arm-none-eabi/7.2.1/thumb/v7e-m\libgcc.a(_arm_addsubsf3.o)
                              ./src/HAL/LCD/LCD_prog.o (__aeabi_fsub)
c:/users/maka/documents/02- tools/imt_sdk_win_64/winarm/armgcc/bin/../lib/gcc/arm-none-eabi/7.2.1/thumb/v7e-m\libgcc.a(_arm_muldivsf3.o)
                              ./src/HAL/LCD/LCD_prog.o (__aeabi_fmul)
c:/users/maka/documents/02- tools/imt_sdk_win_64/winarm/armgcc/bin/../lib/gcc/arm-none-eabi/7.2.1/thumb/v7e-m\libgcc.a(_arm_fixunssfsi.o)
                              ./src/HAL/LCD/LCD_prog.o (__aeabi_f2uiz)
c:/users/maka/documents/02- tools/imt_sdk_win_64/winarm/armgcc/bin/../lib/gcc/arm-none-eabi/7.2.1/thumb/v7e-m\libgcc.a(_aeabi_uldivmod.o)
                              ./src/MCAL/UART/UART_program.o (__aeabi_uldivmod)
c:/users/maka/documents/02- tools/imt_sdk_win_64/winarm/armgcc/bin/../lib/gcc/arm-none-eabi/7.2.1/thumb/v7e-m\libgcc.a(_udivmoddi4.o)
                              c:/users/maka/documents/02- tools/imt_sdk_win_64/winarm/armgcc/bin/../lib/gcc/arm-none-eabi/7.2.1/thumb/v7e-m\libgcc.a(_aeabi_uldivmod.o) (__udivmoddi4)
c:/users/maka/documents/02- tools/imt_sdk_win_64/winarm/armgcc/bin/../lib/gcc/arm-none-eabi/7.2.1/thumb/v7e-m\libgcc.a(_dvmd_tls.o)
                              c:/users/maka/documents/02- tools/imt_sdk_win_64/winarm/armgcc/bin/../lib/gcc/arm-none-eabi/7.2.1/thumb/v7e-m\libgcc.a(_aeabi_uldivmod.o) (__aeabi_ldiv0)
c:/users/maka/documents/02- tools/imt_sdk_win_64/winarm/armgcc/bin/../lib/gcc/arm-none-eabi/7.2.1/../../../../arm-none-eabi/lib/thumb/v7e-m\libg_nano.a(lib_a-errno.o)
                              ./system/src/newlib/_sbrk.o (__errno)
c:/users/maka/documents/02- tools/imt_sdk_win_64/winarm/armgcc/bin/../lib/gcc/arm-none-eabi/7.2.1/../../../../arm-none-eabi/lib/thumb/v7e-m\libg_nano.a(lib_a-impure.o)
                              c:/users/maka/documents/02- tools/imt_sdk_win_64/winarm/armgcc/bin/../lib/gcc/arm-none-eabi/7.2.1/../../../../arm-none-eabi/lib/thumb/v7e-m\libg_nano.a(lib_a-errno.o) (_impure_ptr)
c:/users/maka/documents/02- tools/imt_sdk_win_64/winarm/armgcc/bin/../lib/gcc/arm-none-eabi/7.2.1/../../../../arm-none-eabi/lib/thumb/v7e-m\libg_nano.a(lib_a-sprintf.o)
                              ./src/HAL/LCD/LCD_prog.o (sprintf)
c:/users/maka/documents/02- tools/imt_sdk_win_64/winarm/armgcc/bin/../lib/gcc/arm-none-eabi/7.2.1/../../../../arm-none-eabi/lib/thumb/v7e-m\libg_nano.a(lib_a-strlen.o)
                              ./system/src/diag/Trace.o (strlen)
c:/users/maka/documents/02- tools/imt_sdk_win_64/winarm/armgcc/bin/../lib/gcc/arm-none-eabi/7.2.1/../../../../arm-none-eabi/lib/thumb/v7e-m\libg_nano.a(lib_a-vsnprintf.o)
                              ./system/src/diag/Trace.o (vsnprintf)
c:/users/maka/documents/02- tools/imt_sdk_win_64/winarm/armgcc/bin/../lib/gcc/arm-none-eabi/7.2.1/../../../../arm-none-eabi/lib/thumb/v7e-m\libg_nano.a(lib_a-nano-svfprintf.o)
                              c:/users/maka/documents/02- tools/imt_sdk_win_64/winarm/armgcc/bin/../lib/gcc/arm-none-eabi/7.2.1/../../../../arm-none-eabi/lib/thumb/v7e-m\libg_nano.a(lib_a-sprintf.o) (_svfprintf_r)
c:/users/maka/documents/02- tools/imt_sdk_win_64/winarm/armgcc/bin/../lib/gcc/arm-none-eabi/7.2.1/../../../../arm-none-eabi/lib/thumb/v7e-m\libg_nano.a(lib_a-nano-vfprintf_i.o)
                              c:/users/maka/documents/02- tools/imt_sdk_win_64/winarm/armgcc/bin/../lib/gcc/arm-none-eabi/7.2.1/../../../../arm-none-eabi/lib/thumb/v7e-m\libg_nano.a(lib_a-nano-svfprintf.o) (_printf_i)
c:/users/maka/documents/02- tools/imt_sdk_win_64/winarm/armgcc/bin/../lib/gcc/arm-none-eabi/7.2.1/../../../../arm-none-eabi/lib/thumb/v7e-m\libg_nano.a(lib_a-memchr.o)
                              c:/users/maka/documents/02- tools/imt_sdk_win_64/winarm/armgcc/bin/../lib/gcc/arm-none-eabi/7.2.1/../../../../arm-none-eabi/lib/thumb/v7e-m\libg_nano.a(lib_a-nano-svfprintf.o) (memchr)
c:/users/maka/documents/02- tools/imt_sdk_win_64/winarm/armgcc/bin/../lib/gcc/arm-none-eabi/7.2.1/../../../../arm-none-eabi/lib/thumb/v7e-m\libg_nano.a(lib_a-memcpy-stub.o)
                              c:/users/maka/documents/02- tools/imt_sdk_win_64/winarm/armgcc/bin/../lib/gcc/arm-none-eabi/7.2.1/../../../../arm-none-eabi/lib/thumb/v7e-m\libg_nano.a(lib_a-nano-svfprintf.o) (memcpy)
c:/users/maka/documents/02- tools/imt_sdk_win_64/winarm/armgcc/bin/../lib/gcc/arm-none-eabi/7.2.1/../../../../arm-none-eabi/lib/thumb/v7e-m\libg_nano.a(lib_a-memmove.o)
                              c:/users/maka/documents/02- tools/imt_sdk_win_64/winarm/armgcc/bin/../lib/gcc/arm-none-eabi/7.2.1/../../../../arm-none-eabi/lib/thumb/v7e-m\libg_nano.a(lib_a-nano-svfprintf.o) (memmove)
c:/users/maka/documents/02- tools/imt_sdk_win_64/winarm/armgcc/bin/../lib/gcc/arm-none-eabi/7.2.1/../../../../arm-none-eabi/lib/thumb/v7e-m\libg_nano.a(lib_a-nano-freer.o)
[...]
Memory Configuration

Name             Origin             Length             Attributes
RAM              0x20000000         0x00010000         xrw
CCMRAM           0x10000000         0x00000000         xrw
FLASH            0x08000000         0x00040000         xr
FLASHB1          0x00000000         0x00000000         xr
EXTMEMB0         0x00000000         0x00000000         xr
EXTMEMB1         0x00000000         0x00000000         xr
EXTMEMB2         0x00000000         0x00000000         xr
EXTMEMB3         0x00000000         0x00000000         xr
*default*        0x00000000         0xffffffff

Linker script and memory map

LOAD ./system/src/stm32f4-hal/stm32f4xx_hal.o
LOAD ./system/src/stm32f4-hal/stm32f4xx_hal_cortex.o
LOAD ./system/src/stm32f4-hal/stm32f4xx_hal_dfsdm.o
LOAD ./system/src/stm32f4-hal/stm32f4xx_hal_flash.o
LOAD ./system/src/stm32f4-hal/stm32f4xx_hal_gpio.o
LOAD ./system/src/stm32f4-hal/stm32f4xx_hal_iwdg.o
LOAD ./system/src/stm32f4-hal/stm32f4xx_hal_pwr.o
LOAD ./system/src/stm32f4-hal/stm32f4xx_hal_rcc.o
LOAD ./system/src/newlib/_cxx.o
LOAD ./system/src/newlib/_exit.o
LOAD ./system/src/newlib/_sbrk.o
LOAD ./system/src/newlib/_startup.o
LOAD ./system/src/newlib/_syscalls.o
LOAD ./system/src/newlib/assert.o
LOAD ./system/src/diag/Trace.o
LOAD ./system/src/diag/trace_impl.o
LOAD ./system/src/cortexm/_initialize_hardware.o
LOAD ./system/src/cortexm/_reset_hardware.o
LOAD ./system/src/cortexm/exception_handlers.o
LOAD ./system/src/cmsis/system_stm32f4xx.o
LOAD ./system/src/cmsis/vectors_stm32f401xc.o
LOAD ./src/MCAL/UART/UART_conf.o
LOAD ./src/MCAL/UART/UART_program.o
LOAD ./src/MCAL/STK/STK_prg.o
LOAD ./src/MCAL/RCC/RCC_prog.o
LOAD ./src/MCAL/NVIC/NVIC_prog.o
LOAD ./src/MCAL/GPIO/GPIO_conf.o
LOAD ./src/MCAL/GPIO/GPIO_prog.o
LOAD ./src/HAL/Push_button/Pb_prog.o
LOAD ./src/HAL/LED/LED_prog.o
LOAD ./src/HAL/LCD/LCD_private.o
LOAD ./src/HAL/LCD/LCD_prog.o
LOAD ./src/HAL/ESP/ESP_conf.o
LOAD ./src/HAL/ESP/ESP_prog.o
LOAD ./src/_initialize_hardware.o
LOAD ./src/main.o
LOAD ./src/stm32f4xx_hal_msp.o
LOAD c:/users/maka/documents/02- tools/imt_sdk_win_64/winarm/armgcc/bin/../lib/gcc/arm-none-eabi/7.2.1/../../../../arm-none-eabi/lib/thumb/v7e-m\libstdc++_nano.a
LOAD c:/users/maka/documents/02- tools/imt_sdk_win_64/winarm/armgcc/bin/../lib/gcc/arm-none-eabi/7.2.1/../../../../arm-none-eabi/lib/thumb/v7e-m\libm.a
START GROUP
LOAD c:/users/maka/documents/02- tools/imt_sdk_win_64/winarm/armgcc/bin/../lib/gcc/arm-none-eabi/7.2.1/thumb/v7e-m\libgcc.a
LOAD c:/users/maka/documents/02- tools/imt_sdk_win_64/winarm/armgcc/bin/../lib/gcc/arm-none-eabi/7.2.1/../../../../arm-none-eabi/lib/thumb/v7e-m\libg_nano.a
LOAD c:/users/maka/documents/02- tools/imt_sdk_win_64/winarm/armgcc/bin/../lib/gcc/arm-none-eabi/7.2.1/../../../../arm-none-eabi/lib/thumb/v7e-m\libc_nano.a
END GROUP
START GROUP
LOAD c:/users/maka/documents/02- tools/imt_sdk_win_64/winarm/armgcc/bin/../lib/gcc/arm-none-eabi/7.2.1/thumb/v7e-m\libgcc.a
LOAD c:/users/maka/documents/02- tools/imt_sdk_win_64/winarm/armgcc/bin/../lib/gcc/arm-none-eabi/7.2.1/../../../../arm-none-eabi/lib/thumb/v7e-m\libc_nano.a
END GROUP
                0x20010000                __stack = (ORIGIN (RAM) + LENGTH (RAM))
                0x20010000                _estack = __stack
                0x00000400                __Main_Stack_Size = 0x400
                [!provide]                PROVIDE (_Main_Stack_Size, __Main_Stack_Size)
                0x2000fc00                __Main_Stack_Limit = (__stack - __Main_Stack_Size)
                [!provide]                PROVIDE (_Main_Stack_Limit, __Main_Stack_Limit)
                0x00000100                _Minimum_Stack_Size = 0x100
                0x2000044c                PROVIDE (_Heap_Begin, _end_noinit)
                0x2000fc00                PROVIDE (_Heap_Limit, (__stack - __Main_Stack_Size))

.isr_vector     0x08000000      0x3f4
 FILL mask 0xff
                0x08000000                __vectors_start = ABSOLUTE (.)
                0x08000000                __vectors_start__ = ABSOLUTE (.)
 *(.isr_vector)
 .isr_vector    0x08000000      0x194 ./system/src/cmsis/vectors_stm32f401xc.o
                0x08000000                __isr_vectors
 *(.cfmconfig)
 *(.after_vectors .after_vectors.*)
 .after_vectors
                0x08000194      0x130 ./system/src/newlib/_startup.o
                0x08000194                _start
 .after_vectors
                0x080002c4      0x12c ./system/src/cortexm/exception_handlers.o
                0x080002c4                Reset_Handler
                0x080002ca                NMI_Handler
                0x080002ce                HardFault_Handler
                0x080002e2                HardFault_Handler_C
                0x08000340                MemManage_Handler
                0x08000344                BusFault_Handler
                0x08000358                BusFault_Handler_C
                0x0800038c                UsageFault_Handler
                0x080003a0                UsageFault_Handler_C
                0x080003d4                SVC_Handler
                0x080003d8                DebugMon_Handler
                0x080003dc                PendSV_Handler
 .after_vectors
                0x080003f0        0x4 ./system/src/cmsis/vectors_stm32f401xc.o
                0x080003f0                RTC_Alarm_IRQHandler
                0x080003f0                EXTI2_IRQHandler
                0x080003f0                SPI4_IRQHandler
                0x080003f0                TIM1_CC_IRQHandler
                0x080003f0                DMA2_Stream5_IRQHandler
                0x080003f0                DMA1_Stream5_IRQHandler
                0x080003f0                PVD_IRQHandler
                0x080003f0                SDIO_IRQHandler
                0x080003f0                TAMP_STAMP_IRQHandler
                0x080003f0                EXTI3_IRQHandler
                0x080003f0                TIM1_UP_TIM10_IRQHandler
                0x080003f0                I2C3_ER_IRQHandler
                0x080003f0                EXTI0_IRQHandler
                0x080003f0                I2C2_EV_IRQHandler
                0x080003f0                DMA1_Stream2_IRQHandler
                0x080003f0                FPU_IRQHandler
                0x080003f0                DMA2_Stream2_IRQHandler
                0x080003f0                SPI1_IRQHandler
                0x080003f0                TIM1_BRK_TIM9_IRQHandler
                0x080003f0                DMA2_Stream3_IRQHandler
                0x080003f0                DMA2_Stream0_IRQHandler
                0x080003f0                TIM4_IRQHandler
                0x080003f0                I2C1_EV_IRQHandler
                0x080003f0                DMA1_Stream6_IRQHandler
                0x080003f0                DMA1_Stream1_IRQHandler
                0x080003f0                TIM3_IRQHandler
                0x080003f0                RCC_IRQHandler
                0x080003f0                Default_Handler
                0x080003f0                EXTI15_10_IRQHandler
                0x080003f0                ADC_IRQHandler
                0x080003f0                DMA1_Stream7_IRQHandler
                0x080003f0                TIM5_IRQHandler
                0x080003f0                DMA2_Stream7_IRQHandler
                0x080003f0                I2C3_EV_IRQHandler
                0x080003f0                EXTI9_5_IRQHandler
                0x080003f0                RTC_WKUP_IRQHandler
                0x080003f0                SPI2_IRQHandler
                0x080003f0                DMA1_Stream0_IRQHandler
                0x080003f0                EXTI4_IRQHandler
                0x080003f0                WWDG_IRQHandler
                0x080003f0                TIM2_IRQHandler
                0x080003f0                OTG_FS_WKUP_IRQHandler
                0x080003f0                TIM1_TRG_COM_TIM11_IRQHandler
                0x080003f0                EXTI1_IRQHandler
                0x080003f0                I2C2_ER_IRQHandler
                0x080003f0                DMA2_Stream1_IRQHandler
                0x080003f0                FLASH_IRQHandler
                0x080003f0                DMA2_Stream4_IRQHandler
                0x080003f0                OTG_FS_IRQHandler
                0x080003f0                SPI3_IRQHandler
                0x080003f0                DMA1_Stream4_IRQHandler
                0x080003f0                I2C1_ER_IRQHandler
                0x080003f0                DMA2_Stream6_IRQHandler
                0x080003f0                DMA1_Stream3_IRQHandler

.inits          0x080003f4       0x28
                0x080003f4                __data_regions_array_start = .
                0x080003f4        0x4 LONG 0x8002e74 LOADADDR (.data)
                0x080003f8        0x4 LONG 0x20000000 ADDR (.data)
                0x080003fc        0x4 LONG 0x20000198 (ADDR (.data) + SIZEOF (.data))
                0x08000400        0x4 LONG 0x8002e74 LOADADDR (.data_CCMRAM)
                0x08000404        0x4 LONG 0x10000000 ADDR (.data_CCMRAM)
                0x08000408        0x4 LONG 0x10000000 (ADDR (.data_CCMRAM) + SIZEOF (.data_CCMRAM))
                0x0800040c                __data_regions_array_end = .
                0x0800040c                __bss_regions_array_start = .
                0x0800040c        0x4 LONG 0x20000198 ADDR (.bss)
                0x08000410        0x4 LONG 0x2000044c (ADDR (.bss) + SIZEOF (.bss))
                0x08000414        0x4 LONG 0x10000000 ADDR (.bss_CCMRAM)
                0x08000418        0x4 LONG 0x10000000 (ADDR (.bss_CCMRAM) + SIZEOF (.bss_CCMRAM))
                0x0800041c                __bss_regions_array_end = .
 *(.init)
 *(.fini)
                0x0800041c                . = ALIGN (0x4)
                0x0800041c                PROVIDE (__preinit_array_start, .)
 *(.preinit_array_sysinit .preinit_array_sysinit.*)
 *(.preinit_array_platform .preinit_array_platform.*)
 *(.preinit_array .preinit_array.*)
                0x0800041c                PROVIDE (__preinit_array_end, .)
                0x0800041c                . = ALIGN (0x4)
                0x0800041c                PROVIDE (__init_array_start, .)
 *(SORT_BY_NAME(.init_array.*))
 *(.init_array)
                0x0800041c                PROVIDE (__init_array_end, .)
                0x0800041c                . = ALIGN (0x4)
                0x0800041c                PROVIDE (__fini_array_start, .)
 *(SORT_BY_NAME(.fini_array.*))
 *(.fini_array)
                0x0800041c                PROVIDE (__fini_array_end, .)

.flashtext
 *(.flashtext .flashtext.*)

.text           0x08000420     0x2a4b
 *(.text .text.*)
 .text.HAL_InitTick
                0x08000420       0x2c ./system/src/stm32f4-hal/stm32f4xx_hal.o
                0x08000420                HAL_InitTick
 .text.HAL_Init
                0x0800044c       0x34 ./system/src/stm32f4-hal/stm32f4xx_hal.o
                0x0800044c                HAL_Init
 .text.HAL_GetTick
                0x08000480        0xc ./system/src/stm32f4-hal/stm32f4xx_hal.o
                0x08000480                HAL_GetTick
 .text.HAL_NVIC_SetPriorityGrouping
                0x0800048c       0x3c ./system/src/stm32f4-hal/stm32f4xx_hal_cortex.o
                0x0800048c                HAL_NVIC_SetPriorityGrouping
 .text.HAL_NVIC_SetPriority
                0x080004c8       0x8c ./system/src/stm32f4-hal/stm32f4xx_hal_cortex.o
                0x080004c8                HAL_NVIC_SetPriority
 .text.HAL_SYSTICK_Config
                0x08000554       0x2c ./system/src/stm32f4-hal/stm32f4xx_hal_cortex.o
                0x08000554                HAL_SYSTICK_Config
 .text.HAL_SYSTICK_CLKSourceConfig
                0x08000580       0x3c ./system/src/stm32f4-hal/stm32f4xx_hal_cortex.o
                0x08000580                HAL_SYSTICK_CLKSourceConfig
 .text.HAL_RCC_OscConfig
                0x080005bc      0x43c ./system/src/stm32f4-hal/stm32f4xx_hal_rcc.o
                0x080005bc                HAL_RCC_OscConfig
 .text.HAL_RCC_GetSysClockFreq
                0x080009f8       0x94 ./system/src/stm32f4-hal/stm32f4xx_hal_rcc.o
                0x080009f8                HAL_RCC_GetSysClockFreq
 .text.HAL_RCC_ClockConfig
                0x08000a8c      0x258 ./system/src/stm32f4-hal/stm32f4xx_hal_rcc.o
                0x08000a8c                HAL_RCC_ClockConfig
 .text.HAL_RCC_GetHCLKFreq
                0x08000ce4        0xc ./system/src/stm32f4-hal/stm32f4xx_hal_rcc.o
                0x08000ce4                HAL_RCC_GetHCLKFreq
 .text._exit    0x08000cf0        0x2 ./system/src/newlib/_exit.o
                0x08000cf0                _exit
 *fill*         0x08000cf2        0x2 
 .text.abort    0x08000cf4       0x14 ./system/src/newlib/_exit.o
                0x08000cf4                abort
 .text._sbrk    0x08000d08       0x44 ./system/src/newlib/_sbrk.o
                0x08000d08                _sbrk
 .text.__initialize_args
                0x08000d4c       0x10 ./system/src/newlib/_syscalls.o
                0x08000d4c                __initialize_args
 .text.assert_failed
                0x08000d5c       0x14 ./system/src/newlib/assert.o
                0x08000d5c                assert_failed
 .text.trace_printf
                0x08000d70       0x30 ./system/src/diag/Trace.o
                0x08000d70                trace_printf
 .text.trace_puts
                0x08000da0       0x20 ./system/src/diag/Trace.o
                0x08000da0                trace_puts
 .text._trace_write_semihosting_debug
                0x08000dc0       0x60 ./system/src/diag/trace_impl.o
 .text.trace_write
                0x08000e20        0x8 ./system/src/diag/trace_impl.o
                0x08000e20                trace_write
 .text.__initialize_hardware_early
                0x08000e28       0x18 ./system/src/cortexm/_initialize_hardware.o
                0x08000e28                __initialize_hardware_early
 .text.dumpExceptionStack
                0x08000e40       0xf4 ./system/src/cortexm/exception_handlers.o
                0x08000e40                dumpExceptionStack
 .text.isSemihosting
                0x08000f34       0x20 ./system/src/cortexm/exception_handlers.o
                0x08000f34                isSemihosting
 .text.SystemInit
                0x08000f54       0x40 ./system/src/cmsis/system_stm32f4xx.o
                0x08000f54                SystemInit
 .text.SystemCoreClockUpdate
                0x08000f94       0xa0 ./system/src/cmsis/system_stm32f4xx.o
                0x08000f94                SystemCoreClockUpdate
 *fill*         0x08001034        0x4 
 .text.MUART_voidInit
                0x08001038      0x1fc ./src/MCAL/UART/UART_program.o
                0x08001038                MUART_voidInit
 .text.MUART_voidEnable
                0x08001234        0xa ./src/MCAL/UART/UART_program.o
                0x08001234                MUART_voidEnable
 .text.MUART_voidTransmitByte
                0x0800123e       0x1c ./src/MCAL/UART/UART_program.o
                0x0800123e                MUART_voidTransmitByte
 .text.MUART_voidTransmitString
                0x0800125a       0x1c ./src/MCAL/UART/UART_program.o
                0x0800125a                MUART_voidTransmitString
 .text.MUART_RxIntSetStatus
                0x08001276       0x1a ./src/MCAL/UART/UART_program.o
                0x08001276                MUART_RxIntSetStatus
 .text.MUART_u8ReadDataRegister
                0x08001290        0x6 ./src/MCAL/UART/UART_program.o
                0x08001290                MUART_u8ReadDataRegister
 *fill*         0x08001296        0x2 
 .text.MUART1_voidSetCallBack
                0x08001298        0xc ./src/MCAL/UART/UART_program.o
                0x08001298                MUART1_voidSetCallBack
 .text.MUART2_voidSetCallBack
                0x080012a4        0xc ./src/MCAL/UART/UART_program.o
                0x080012a4                MUART2_voidSetCallBack
 .text.MUART6_voidSetCallBack
                0x080012b0        0xc ./src/MCAL/UART/UART_program.o
                0x080012b0                MUART6_voidSetCallBack
 .text.USART1_IRQHandler
                0x080012bc       0x1c ./src/MCAL/UART/UART_program.o
                0x080012bc                USART1_IRQHandler
 .text.USART2_IRQHandler
                0x080012d8       0x1c ./src/MCAL/UART/UART_program.o
                0x080012d8                USART2_IRQHandler
 .text.USART6_IRQHandler
                0x080012f4       0x1c ./src/MCAL/UART/UART_program.o
                0x080012f4                USART6_IRQHandler
 .text.MSTK_vInit
                0x08001310       0x18 ./src/MCAL/STK/STK_prg.o
                0x08001310                MSTK_vInit
 .text.MSTK_vStopTimer
                0x08001328       0x20 ./src/MCAL/STK/STK_prg.o
                0x08001328                MSTK_vStopTimer
 .text.MSTK_vSetBusyWait
                0x08001348       0x2c ./src/MCAL/STK/STK_prg.o
                0x08001348                MSTK_vSetBusyWait
 .text.SysTick_Handler
                0x08001374       0x20 ./src/MCAL/STK/STK_prg.o
                0x08001374                SysTick_Handler
 .text.MRCC_voidInit
                0x08001394       0x90 ./src/MCAL/RCC/RCC_prog.o
                0x08001394                MRCC_voidInit
 .text.MRCC_voidEnablePerephiralClock
                0x08001424       0x58 ./src/MCAL/RCC/RCC_prog.o
                0x08001424                MRCC_voidEnablePerephiralClock
 .text.MNVIC_voidEnablePeripheral
                0x0800147c       0x18 ./src/MCAL/NVIC/NVIC_prog.o
                0x0800147c                MNVIC_voidEnablePeripheral
 .text.MGPIO_voidSetPinMode
                0x08001494       0x88 ./src/MCAL/GPIO/GPIO_prog.o
                0x08001494                MGPIO_voidSetPinMode
 .text.MGPIO_voidSetPinOutputType
                0x0800151c       0xb4 ./src/MCAL/GPIO/GPIO_prog.o
                0x0800151c                MGPIO_voidSetPinOutputType
 .text.MGPIO_voidSetPinOutputSpeed
                0x080015d0       0x88 ./src/MCAL/GPIO/GPIO_prog.o
                0x080015d0                MGPIO_voidSetPinOutputSpeed
 .text.MGPIO_voidSetPinInputPull
                0x08001658       0x88 ./src/MCAL/GPIO/GPIO_prog.o
                0x08001658                MGPIO_voidSetPinInputPull
 .text.MGPIO_voidSetPinValue
                0x080016e0       0xb4 ./src/MCAL/GPIO/GPIO_prog.o
                0x080016e0                MGPIO_voidSetPinValue
 .text.MGPIO_voidSetAltFun
                0x08001794       0xec ./src/MCAL/GPIO/GPIO_prog.o
                0x08001794                MGPIO_voidSetAltFun
 .text.MGPIO_voidInit
                0x08001880       0x60 ./src/MCAL/GPIO/GPIO_prog.o
                0x08001880                MGPIO_voidInit
 .text.HLED_voidLedInitial
                0x080018e0       0x78 ./src/HAL/LED/LED_prog.o
                0x080018e0                HLED_voidLedInitial
 .text.HLED_voidLedOn
                0x08001958       0x74 ./src/HAL/LED/LED_prog.o
                0x08001958                HLED_voidLedOn
 .text.HLED_voidLedOff
                0x080019cc       0x74 ./src/HAL/LED/LED_prog.o
                0x080019cc                HLED_voidLedOff
 .text.UART1_Callback
                0x08001a40       0xe0 ./src/HAL/ESP/ESP_prog.o
                0x08001a40                UART1_Callback
 .text.UART2_Callback
                0x08001b20       0xe0 ./src/HAL/ESP/ESP_prog.o
                0x08001b20                UART2_Callback
 .text.UART6_Callback
                0x08001c00       0xe0 ./src/HAL/ESP/ESP_prog.o
                0x08001c00                UART6_Callback
 .text.HESP_voidEspInit
                0x08001ce0       0xa8 ./src/HAL/ESP/ESP_prog.o
                0x08001ce0                HESP_voidEspInit
 .text.HESP_voidConnectToAccessPoint
                0x08001d88       0x4c ./src/HAL/ESP/ESP_prog.o
                0x08001d88                HESP_voidConnectToAccessPoint
 .text.HESP_voidOpenServerConnection
                0x08001dd4       0x64 ./src/HAL/ESP/ESP_prog.o
                0x08001dd4                HESP_voidOpenServerConnection
 .text.HESP_u8GetHttpRequest
                0x08001e38       0xb4 ./src/HAL/ESP/ESP_prog.o
                0x08001e38                HESP_u8GetHttpRequest
 .text.SystemClock_Config
                0x08001eec       0x98 ./src/_initialize_hardware.o
                0x08001eec                SystemClock_Config
 .text.__initialize_hardware
                0x08001f84       0x10 ./src/_initialize_hardware.o
                0x08001f84                __initialize_hardware
 .text.main     0x08001f94       0x3c ./src/main.o
                0x08001f94                main
 .text.HAL_MspInit
                0x08001fd0        0x2 ./src/stm32f4xx_hal_msp.o
                0x08001fd0                HAL_MspInit
 *fill*         0x08001fd2        0x2 
 .text          0x08001fd4       0x30 c:/users/maka/documents/02- tools/imt_sdk_win_64/winarm/armgcc/bin/../lib/gcc/arm-none-eabi/7.2.1/thumb/v7e-m\libgcc.a(_aeabi_uldivmod.o)
                0x08001fd4                __aeabi_uldivmod
 .text          0x08002004      0x2cc c:/users/maka/documents/02- tools/imt_sdk_win_64/winarm/armgcc/bin/../lib/gcc/arm-none-eabi/7.2.1/thumb/v7e-m\libgcc.a(_udivmoddi4.o)
                0x08002004                __udivmoddi4
 .text          0x080022d0        0x4 c:/users/maka/documents/02- tools/imt_sdk_win_64/winarm/armgcc/bin/../lib/gcc/arm-none-eabi/7.2.1/thumb/v7e-m\libgcc.a(_dvmd_tls.o)
                0x080022d0                __aeabi_idiv0
                0x080022d0                __aeabi_ldiv0
 .text.__errno  0x080022d4        0xc c:/users/maka/documents/02- tools/imt_sdk_win_64/winarm/armgcc/bin/../lib/gcc/arm-none-eabi/7.2.1/../../../../arm-none-eabi/lib/thumb/v7e-m\libg_nano.a(lib_a-errno.o)
                0x080022d4                __errno
 .text          0x080022e0       0x10 c:/users/maka/documents/02- tools/imt_sdk_win_64/winarm/armgcc/bin/../lib/gcc/arm-none-eabi/7.2.1/../../../../arm-none-eabi/lib/thumb/v7e-m\libg_nano.a(lib_a-strlen.o)
                0x080022e0                strlen
 .text._vsnprintf_r
                0x080022f0       0x58 c:/users/maka/documents/02- tools/imt_sdk_win_64/winarm/armgcc/bin/../lib/gcc/arm-none-eabi/7.2.1/../../../../arm-none-eabi/lib/thumb/v7e-m\libg_nano.a(lib_a-vsnprintf.o)
                0x080022f0                _vsniprintf_r
                0x080022f0                _vsnprintf_r
 .text.vsnprintf
                0x08002348       0x1c c:/users/maka/documents/02- tools/imt_sdk_win_64/winarm/armgcc/bin/../lib/gcc/arm-none-eabi/7.2.1/../../../../arm-none-eabi/lib/thumb/v7e-m\libg_nano.a(lib_a-vsnprintf.o)
                0x08002348                vsniprintf
                0x08002348                vsnprintf
 .text.__ssputs_r
                0x08002364       0xb4 c:/users/maka/documents/02- tools/imt_sdk_win_64/winarm/armgcc/bin/../lib/gcc/arm-none-eabi/7.2.1/../../../../arm-none-eabi/lib/thumb/v7e-m\libg_nano.a(lib_a-nano-svfprintf.o)
                0x08002364                __ssputs_r
 .text._svfprintf_r
                0x08002418      0x1ec c:/users/maka/documents/02- tools/imt_sdk_win_64/winarm/armgcc/bin/../lib/gcc/arm-none-eabi/7.2.1/../../../../arm-none-eabi/lib/thumb/v7e-m\libg_nano.a(lib_a-nano-svfprintf.o)
                0x08002418                _svfiprintf_r
                0x08002418                _svfprintf_r
 .text._printf_common
                0x08002604       0xea c:/users/maka/documents/02- tools/imt_sdk_win_64/winarm/armgcc/bin/../lib/gcc/arm-none-eabi/7.2.1/../../../../arm-none-eabi/lib/thumb/v7e-m\libg_nano.a(lib_a-nano-vfprintf_i.o)
                0x08002604                _printf_common
 *fill*         0x080026ee        0x2 
 .text._printf_i
                0x080026f0      0x224 c:/users/maka/documents/02- tools/imt_sdk_win_64/winarm/armgcc/bin/../lib/gcc/arm-none-eabi/7.2.1/../../../../arm-none-eabi/lib/thumb/v7e-m\libg_nano.a(lib_a-nano-vfprintf_i.o)
                0x080026f0                _printf_i
 *fill*         0x08002914        0xc 
 .text          0x08002920       0xa0 c:/users/maka/documents/02- tools/imt_sdk_win_64/winarm/armgcc/bin/../lib/gcc/arm-none-eabi/7.2.1/../../../../arm-none-eabi/lib/thumb/v7e-m\libg_nano.a(lib_a-memchr.o)
                0x08002920                memchr
 .text.memcpy   0x080029c0       0x16 c:/users/maka/documents/02- tools/imt_sdk_win_64/winarm/armgcc/bin/../lib/gcc/arm-none-eabi/7.2.1/../../../../arm-none-eabi/lib/thumb/v7e-m\libg_nano.a(lib_a-memcpy-stub.o)
                0x080029c0                memcpy
 .text.memmove  0x080029d6       0x32 c:/users/maka/documents/02- tools/imt_sdk_win_64/winarm/armgcc/bin/../lib/gcc/arm-none-eabi/7.2.1/../../../../arm-none-eabi/lib/thumb/v7e-m\libg_nano.a(lib_a-memmove.o)
                0x080029d6                memmove
 .text._free_r  0x08002a08       0x9c c:/users/maka/documents/02- tools/imt_sdk_win_64/winarm/armgcc/bin/../lib/gcc/arm-none-eabi/7.2.1/../../../../arm-none-eabi/lib/thumb/v7e-m\libg_nano.a(lib_a-nano-freer.o)
                0x08002a08                _free_r
 .text._malloc_r
                0x08002aa4       0xb4 c:/users/maka/documents/02- tools/imt_sdk_win_64/winarm/armgcc/bin/../lib/gcc/arm-none-eabi/7.2.1/../../../../arm-none-eabi/lib/thumb/v7e-m\libg_nano.a(lib_a-nano-mallocr.o)
                0x08002aa4                _malloc_r
 .text._realloc_r
                0x08002b58       0x4c c:/users/maka/documents/02- tools/imt_sdk_win_64/winarm/armgcc/bin/../lib/gcc/arm-none-eabi/7.2.1/../../../../arm-none-eabi/lib/thumb/v7e-m\libg_nano.a(lib_a-nano-reallocr.o)
                0x08002b58                _realloc_r
 .text._sbrk_r  0x08002ba4       0x20 c:/users/maka/documents/02- tools/imt_sdk_win_64/winarm/armgcc/bin/../lib/gcc/arm-none-eabi/7.2.1/../../../../arm-none-eabi/lib/thumb/v7e-m\libg_nano.a(lib_a-sbrkr.o)
                0x08002ba4                _sbrk_r
 .text.__malloc_lock
                0x08002bc4        0x2 c:/users/maka/documents/02- tools/imt_sdk_win_64/winarm/armgcc/bin/../lib/gcc/arm-none-eabi/7.2.1/../../../../arm-none-eabi/lib/thumb/v7e-m\libg_nano.a(lib_a-mlock.o)
                0x08002bc4                __malloc_lock
 .text.__malloc_unlock
                0x08002bc6        0x2 c:/users/maka/documents/02- tools/imt_sdk_win_64/winarm/armgcc/bin/../lib/gcc/arm-none-eabi/7.2.1/../../../../arm-none-eabi/lib/thumb/v7e-m\libg_nano.a(lib_a-mlock.o)
                0x08002bc6                __malloc_unlock
 .text._malloc_usable_size_r
                0x08002bc8       0x10 c:/users/maka/documents/02- tools/imt_sdk_win_64/winarm/armgcc/bin/../lib/gcc/arm-none-eabi/7.2.1/../../../../arm-none-eabi/lib/thumb/v7e-m\libg_nano.a(lib_a-nano-msizer.o)
                0x08002bc8                _malloc_usable_size_r
 *(.rodata .rodata.* .constdata .constdata.*)
 .rodata.HAL_NVIC_SetPriorityGrouping.str1.4
                0x08002bd8       0x31 ./system/src/stm32f4-hal/stm32f4xx_hal_cortex.o
 *fill*         0x08002c09        0x3 
 .rodata.APBAHBPrescTable
                0x08002c0c       0x10 ./system/src/stm32f4-hal/stm32f4xx_hal_rcc.o
                0x08002c0c                APBAHBPrescTable
 .rodata.HAL_RCC_OscConfig.str1.4
                0x08002c1c       0x2e ./system/src/stm32f4-hal/stm32f4xx_hal_rcc.o
 *fill*         0x08002c4a        0x2 
 .rodata.abort.str1.4
                0x08002c4c       0x14 ./system/src/newlib/_exit.o
 .rodata.assert_failed.str1.4
                0x08002c60       0x2b ./system/src/newlib/assert.o
 .rodata.trace_puts.str1.4
                0x08002c8b       0x2b ./system/src/diag/Trace.o
                                  0x2 (size before relaxing)
 *fill*         0x08002c8b        0x1 
 .rodata.dumpExceptionStack.str1.4
                0x08002c8c      0x11a ./system/src/cortexm/exception_handlers.o
 *fill*         0x08002da6        0x2 
 .rodata.str1.4
                0x08002da8       0x2a ./system/src/cortexm/exception_handlers.o
 *fill*         0x08002dd2        0x2 
 .rodata.AHBPrescTable
                0x08002dd4       0x10 ./system/src/cmsis/system_stm32f4xx.o
                0x08002dd4                AHBPrescTable
 .rodata.HESP_u8GetHttpRequest.str1.4
                0x08002de4        0xc ./src/HAL/ESP/ESP_prog.o
 .rodata.HESP_voidConnectToAccessPoint.str1.4
                0x08002df0       0x18 ./src/HAL/ESP/ESP_prog.o
 .rodata.HESP_voidEspInit.str1.4
                0x08002e08       0x16 ./src/HAL/ESP/ESP_prog.o
                                 0x1a (size before relaxing)
 *fill*         0x08002e1e        0x2 
 .rodata.HESP_voidOpenServerConnection.str1.4
                0x08002e20       0x18 ./src/HAL/ESP/ESP_prog.o
                                 0x17 (size before relaxing)
 .rodata._svfprintf_r.str1.1
                0x08002e38       0x11 c:/users/maka/documents/02- tools/imt_sdk_win_64/winarm/armgcc/bin/../lib/gcc/arm-none-eabi/7.2.1/../../../../arm-none-eabi/lib/thumb/v7e-m\libg_nano.a(lib_a-nano-svfprintf.o)
 .rodata._printf_i.str1.1
                0x08002e49       0x22 c:/users/maka/documents/02- tools/imt_sdk_win_64/winarm/armgcc/bin/../lib/gcc/arm-none-eabi/7.2.1/../../../../arm-none-eabi/lib/thumb/v7e-m\libg_nano.a(lib_a-nano-vfprintf_i.o)
 *(vtable)
 *(.eh_frame*)
 *(.glue_7)
 .glue_7        0x08002e6b        0x0 linker stubs
 *(.glue_7t)
 .glue_7t       0x08002e6b        0x0 linker stubs

.vfp11_veneer   0x08002e6c        0x0
 .vfp11_veneer  0x08002e6c        0x0 linker stubs

.v4_bx          0x08002e6c        0x0
 .v4_bx         0x08002e6c        0x0 linker stubs

.iplt           0x08002e6c        0x0
 .iplt          0x08002e6c        0x0 ./system/src/stm32f4-hal/stm32f4xx_hal.o

.ARM.extab
 *(.ARM.extab* .gnu.linkonce.armextab.*)
                0x08002e6c                . = ALIGN (0x4)
                0x08002e6c                __exidx_start = .

.ARM.exidx      0x08002e6c        0x8
 *(.ARM.exidx* .gnu.linkonce.armexidx.*)
 .ARM.exidx     0x08002e6c        0x8 c:/users/maka/documents/02- tools/imt_sdk_win_64/winarm/armgcc/bin/../lib/gcc/arm-none-eabi/7.2.1/thumb/v7e-m\libgcc.a(_udivmoddi4.o)
                0x08002e74                __exidx_end = .

.rel.dyn        0x08002e74        0x0
 .rel.iplt      0x08002e74        0x0 ./system/src/stm32f4-hal/stm32f4xx_hal.o
                0x08002e74                . = ALIGN (0x4)
                0x08002e74                _etext = .
                0x08002e74                __etext = .

.data_CCMRAM    0x10000000        0x0 load address 0x08002e74
 FILL mask 0xff
 *(.data.CCMRAM .data.CCMRAM.*)
                0x10000000                . = ALIGN (0x4)
                0x08002e74                _sidata = LOADADDR (.data)

.data           0x20000000      0x198 load address 0x08002e74
 FILL mask 0xff
                0x20000000                _sdata = .
                0x20000000                __data_start__ = .
 *(.data_begin .data_begin.*)
 .data_begin    0x20000000        0x4 ./system/src/newlib/_startup.o
 *(.data .data.*)
 .data.argv.4310
                0x20000004        0x8 ./system/src/newlib/_syscalls.o
 .data.SystemCoreClock
                0x2000000c        0x4 ./system/src/cmsis/system_stm32f4xx.o
                0x2000000c                SystemCoreClock
 .data.MUART_Init
                0x20000010        0xc ./src/MCAL/UART/UART_conf.o
                0x20000010                MUART_Init
 .data.config_output_pin_push_pull
                0x2000001c        0x5 ./src/MCAL/GPIO/GPIO_conf.o
                0x2000001c                config_output_pin_push_pull
 *fill*         0x20000021        0x3 ff
 .data.config_pin_Alt_fun
                0x20000024        0x5 ./src/MCAL/GPIO/GPIO_conf.o
                0x20000024                config_pin_Alt_fun
 *fill*         0x20000029        0x3 ff
 .data.RouterInfo
                0x2000002c       0x64 ./src/HAL/ESP/ESP_conf.o
                0x2000002c                RouterInfo
 .data.ServerInfoGet
                0x20000090       0x9e ./src/HAL/ESP/ESP_conf.o
                0x20000090                ServerInfoGet
 *fill*         0x2000012e        0x2 ff
 .data._impure_ptr
                0x20000130        0x4 c:/users/maka/documents/02- tools/imt_sdk_win_64/winarm/armgcc/bin/../lib/gcc/arm-none-eabi/7.2.1/../../../../arm-none-eabi/lib/thumb/v7e-m\libg_nano.a(lib_a-impure.o)
                0x20000130                _impure_ptr
 .data.impure_data
                0x20000134       0x60 c:/users/maka/documents/02- tools/imt_sdk_win_64/winarm/armgcc/bin/../lib/gcc/arm-none-eabi/7.2.1/../../../../arm-none-eabi/lib/thumb/v7e-m\libg_nano.a(lib_a-impure.o)
 *(.data_end .data_end.*)
 .data_end      0x20000194        0x4 ./system/src/newlib/_startup.o
                0x20000198                . = ALIGN (0x4)
                0x20000198                _edata = .
                0x20000198                __data_end__ = .

.igot.plt       0x20000198        0x0 load address 0x0800300c
 .igot.plt      0x20000198        0x0 ./system/src/stm32f4-hal/stm32f4xx_hal.o

.bss_CCMRAM     0x10000000        0x0
 *(.bss.CCMRAM .bss.CCMRAM.*)

.bss            0x20000198      0x2b4
                0x20000198                __bss_start__ = .
                0x20000198                _sbss = .
 *(.bss_begin .bss_begin.*)
 .bss_begin     0x20000198        0x4 ./system/src/newlib/_startup.o
 *(.bss .bss.*)
 .bss.current_heap_end.3961
                0x2000019c        0x4 ./system/src/newlib/_sbrk.o
 .bss.name.4309
                0x200001a0        0x1 ./system/src/newlib/_syscalls.o
 *fill*         0x200001a1        0x3 
 .bss.buf.5205  0x200001a4       0x80 ./system/src/diag/Trace.o
 .bss.MUART_clock
                0x20000224        0x4 ./src/MCAL/UART/UART_conf.o
                0x20000224                MUART_clock
 .bss.GS_STK_Callback
                0x20000228        0x4 ./src/MCAL/STK/STK_prg.o
 .bss.G_u8IntervalType
                0x2000022c        0x1 ./src/MCAL/STK/STK_prg.o
                0x2000022c                G_u8IntervalType
 .bss.G_u8DataAdd_1
                0x2000022d        0x1 ./src/HAL/ESP/ESP_prog.o
 .bss.G_u8DataAdd_2
                0x2000022e        0x1 ./src/HAL/ESP/ESP_prog.o
 .bss.G_u8DataAdd_6
                0x2000022f        0x1 ./src/HAL/ESP/ESP_prog.o
 .bss.G_u8DataEndAdd_1
                0x20000230        0x1 ./src/HAL/ESP/ESP_prog.o
 .bss.G_u8DataEndAdd_2
                0x20000231        0x1 ./src/HAL/ESP/ESP_prog.o
 .bss.G_u8DataEndAdd_6
                0x20000232        0x1 ./src/HAL/ESP/ESP_prog.o
 .bss.G_u8bufferIterator_1
                0x20000233        0x1 ./src/HAL/ESP/ESP_prog.o
 .bss.G_u8bufferIterator_2
                0x20000234        0x1 ./src/HAL/ESP/ESP_prog.o
 .bss.G_u8bufferIterator_6
                0x20000235        0x1 ./src/HAL/ESP/ESP_prog.o
 *fill*         0x20000236        0x2 
 .bss.__malloc_free_list
                0x20000238        0x4 c:/users/maka/documents/02- tools/imt_sdk_win_64/winarm/armgcc/bin/../lib/gcc/arm-none-eabi/7.2.1/../../../../arm-none-eabi/lib/thumb/v7e-m\libg_nano.a(lib_a-nano-mallocr.o)
                0x20000238                __malloc_free_list
 .bss.__malloc_sbrk_start
                0x2000023c        0x4 c:/users/maka/documents/02- tools/imt_sdk_win_64/winarm/armgcc/bin/../lib/gcc/arm-none-eabi/7.2.1/../../../../arm-none-eabi/lib/thumb/v7e-m\libg_nano.a(lib_a-nano-mallocr.o)
                0x2000023c                __malloc_sbrk_start
 *(COMMON)
 COMMON         0x20000240        0x4 ./system/src/stm32f4-hal/stm32f4xx_hal.o
                0x20000240                uwTick
 COMMON         0x20000244        0x4 ./system/src/newlib/_syscalls.o
                0x20000244                errno
 COMMON         0x20000248       0xd4 ./src/MCAL/UART/UART_program.o
                0x20000248                global_u8String
                0x20000310                MUSART2_CallBack
                0x20000314                MUSART6_CallBack
                0x20000318                MUSART1_CallBack
 COMMON         0x2000031c      0x12c ./src/HAL/ESP/ESP_prog.o
                0x2000031c                GP_u8recv_buffer_6
                0x20000380                GP_u8recv_buffer_1
                0x200003e4                GP_u8recv_buffer_2
 *(.bss_end .bss_end.*)
 .bss_end       0x20000448        0x4 ./system/src/newlib/_startup.o
                0x2000044c                . = ALIGN (0x4)
                0x2000044c                __bss_end__ = .
                0x2000044c                _ebss = .

.noinit_CCMRAM
 *(.noinit.CCMRAM .noinit.CCMRAM.*)

.noinit         0x2000044c        0x0
                0x2000044c                _noinit = .
 *(.noinit .noinit.*)
                0x2000044c                . = ALIGN (0x4)
                0x2000044c                _end_noinit = .
                [!provide]                PROVIDE (end, _end_noinit)
                [!provide]                PROVIDE (_end, _end_noinit)
                [!provide]                PROVIDE (__end, _end_noinit)
                [!provide]                PROVIDE (__end__, _end_noinit)

._check_stack   0x2000044c      0x100
                0x2000054c                . = (. + _Minimum_Stack_Size)
 *fill*         0x2000044c      0x100 

.b1text
 *(.b1text)
 *(.b1rodata)
 *(.b1rodata.*)

.eb0text
 *(.eb0text)
 *(.eb0rodata)
 *(.eb0rodata.*)

.eb1text
 *(.eb1text)
 *(.eb1rodata)
 *(.eb1rodata.*)

.eb2text
 *(.eb2text)
 *(.eb2rodata)
 *(.eb2rodata.*)

.eb3text
 *(.eb3text)
 *(.eb3rodata)
 *(.eb3rodata.*)

.stab
 *(.stab)

.stabstr
 *(.stabstr)

.stab.excl
 *(.stab.excl)

.stab.exclstr
 *(.stab.exclstr)

.stab.index
 *(.stab.index)

.stab.indexstr
 *(.stab.indexstr)

.comment        0x00000000       0x7e
 *(.comment)
 .comment       0x00000000       0x7e ./system/src/stm32f4-hal/stm32f4xx_hal.o
                                 0x7f (size before relaxing)
 .comment       0x0000007e       0x7f ./system/src/stm32f4-hal/stm32f4xx_hal_cortex.o
 .comment       0x0000007e       0x7f ./system/src/stm32f4-hal/stm32f4xx_hal_rcc.o
 .comment       0x0000007e       0x7f ./system/src/newlib/_exit.o
 .comment       0x0000007e       0x7f ./system/src/newlib/_sbrk.o
 .comment       0x0000007e       0x7f ./system/src/newlib/_startup.o
 .comment       0x0000007e       0x7f ./system/src/newlib/_syscalls.o
 .comment       0x0000007e       0x7f ./system/src/newlib/assert.o
 .comment       0x0000007e       0x7f ./system/src/diag/Trace.o
 .comment       0x0000007e       0x7f ./system/src/diag/trace_impl.o
 .comment       0x0000007e       0x7f ./system/src/cortexm/_initialize_hardware.o
 .comment       0x0000007e       0x7f ./system/src/cortexm/exception_handlers.o
 .comment       0x0000007e       0x7f ./system/src/cmsis/system_stm32f4xx.o
 .comment       0x0000007e       0x7f ./system/src/cmsis/vectors_stm32f401xc.o
 .comment       0x0000007e       0x7f ./src/MCAL/UART/UART_conf.o
 .comment       0x0000007e       0x7f ./src/MCAL/UART/UART_program.o
 .comment       0x0000007e       0x7f ./src/MCAL/STK/STK_prg.o
 .comment       0x0000007e       0x7f ./src/MCAL/RCC/RCC_prog.o
 .comment       0x0000007e       0x7f ./src/MCAL/NVIC/NVIC_prog.o
 .comment       0x0000007e       0x7f ./src/MCAL/GPIO/GPIO_conf.o
 .comment       0x0000007e       0x7f ./src/MCAL/GPIO/GPIO_prog.o
 .comment       0x0000007e       0x7f ./src/HAL/LED/LED_prog.o
 .comment       0x0000007e       0x7f ./src/HAL/ESP/ESP_conf.o
 .comment       0x0000007e       0x7f ./src/HAL/ESP/ESP_prog.o
 .comment       0x0000007e       0x7f ./src/_initialize_hardware.o
 .comment       0x0000007e       0x7f ./src/main.o
 .comment       0x0000007e       0x7f ./src/stm32f4xx_hal_msp.o

.ARM.attributes
                0x00000000       0x31
 .ARM.attributes
                0x00000000       0x33 ./system/src/stm32f4-hal/stm32f4xx_hal.o
 .ARM.attributes
                0x00000033       0x33 ./system/src/stm32f4-hal/stm32f4xx_hal_cortex.o
 .ARM.attributes
                0x00000066       0x33 ./system/src/stm32f4-hal/stm32f4xx_hal_rcc.o
 .ARM.attributes
                0x00000099       0x33 ./system/src/newlib/_exit.o
 .ARM.attributes
                0x000000cc       0x33 ./system/src/newlib/_sbrk.o
 .ARM.attributes
                0x000000ff       0x33 ./system/src/newlib/_startup.o
 .ARM.attributes
                0x00000132       0x33 ./system/src/newlib/_syscalls.o
 .ARM.attributes
                0x00000165       0x33 ./system/src/newlib/assert.o
 .ARM.attributes
                0x00000198       0x33 ./system/src/diag/Trace.o
 .ARM.attributes
                0x000001cb       0x33 ./system/src/diag/trace_impl.o
 .ARM.attributes
                0x000001fe       0x33 ./system/src/cortexm/_initialize_hardware.o
 .ARM.attributes
                0x00000231       0x33 ./system/src/cortexm/exception_handlers.o
 .ARM.attributes
                0x00000264       0x33 ./system/src/cmsis/system_stm32f4xx.o
 .ARM.attributes
                0x00000297       0x33 ./system/src/cmsis/vectors_stm32f401xc.o
 .ARM.attributes
                0x000002ca       0x33 ./src/MCAL/UART/UART_conf.o
 .ARM.attributes
                0x000002fd       0x33 ./src/MCAL/UART/UART_program.o
 .ARM.attributes
                0x00000330       0x33 ./src/MCAL/STK/STK_prg.o
 .ARM.attributes
                0x00000363       0x33 ./src/MCAL/RCC/RCC_prog.o
 .ARM.attributes
                0x00000396       0x33 ./src/MCAL/NVIC/NVIC_prog.o
 .ARM.attributes
                0x000003c9       0x33 ./src/MCAL/GPIO/GPIO_conf.o
 .ARM.attributes
                0x000003fc       0x33 ./src/MCAL/GPIO/GPIO_prog.o
 .ARM.attributes
                0x0000042f       0x33 ./src/HAL/LED/LED_prog.o
 .ARM.attributes
                0x00000462       0x33 ./src/HAL/ESP/ESP_conf.o
 .ARM.attributes
                0x00000495       0x33 ./src/HAL/ESP/ESP_prog.o
 .ARM.attributes
                0x000004c8       0x33 ./src/_initialize_hardware.o
 .ARM.attributes
                0x000004fb       0x33 ./src/main.o
 .ARM.attributes
                0x0000052e       0x33 ./src/stm32f4xx_hal_msp.o
 .ARM.attributes
                0x00000561       0x1e c:/users/maka/documents/02- tools/imt_sdk_win_64/winarm/armgcc/bin/../lib/gcc/arm-none-eabi/7.2.1/thumb/v7e-m\libgcc.a(_aeabi_uldivmod.o)
 .ARM.attributes
                0x0000057f       0x2e c:/users/maka/documents/02- tools/imt_sdk_win_64/winarm/armgcc/bin/../lib/gcc/arm-none-eabi/7.2.1/thumb/v7e-m\libgcc.a(_udivmoddi4.o)
 .ARM.attributes
                0x000005ad       0x1e c:/users/maka/documents/02- tools/imt_sdk_win_64/winarm/armgcc/bin/../lib/gcc/arm-none-eabi/7.2.1/thumb/v7e-m\libgcc.a(_dvmd_tls.o)
 .ARM.attributes
                0x000005cb       0x2e c:/users/maka/documents/02- tools/imt_sdk_win_64/winarm/armgcc/bin/../lib/gcc/arm-none-eabi/7.2.1/../../../../arm-none-eabi/lib/thumb/v7e-m\libg_nano.a(lib_a-errno.o)
 .ARM.attributes
                0x000005f9       0x2e c:/users/maka/documents/02- tools/imt_sdk_win_64/winarm/armgcc/bin/../lib/gcc/arm-none-eabi/7.2.1/../../../../arm-none-eabi/lib/thumb/v7e-m\libg_nano.a(lib_a-impure.o)
 .ARM.attributes
                0x00000627       0x17 c:/users/maka/documents/02- tools/imt_sdk_win_64/winarm/armgcc/bin/../lib/gcc/arm-none-eabi/7.2.1/../../../../arm-none-eabi/lib/thumb/v7e-m\libg_nano.a(lib_a-strlen.o)
 .ARM.attributes
                0x0000063e       0x2e c:/users/maka/documents/02- tools/imt_sdk_win_64/winarm/armgcc/bin/../lib/gcc/arm-none-eabi/7.2.1/../../../../arm-none-eabi/lib/thumb/v7e-m\libg_nano.a(lib_a-vsnprintf.o)
 .ARM.attributes
                0x0000066c       0x2e c:/users/maka/documents/02- tools/imt_sdk_win_64/winarm/armgcc/bin/../lib/gcc/arm-none-eabi/7.2.1/../../../../arm-none-eabi/lib/thumb/v7e-m\libg_nano.a(lib_a-nano-svfprintf.o)
 .ARM.attributes
                0x0000069a       0x2e c:/users/maka/documents/02- tools/imt_sdk_win_64/winarm/armgcc/bin/../lib/gcc/arm-none-eabi/7.2.1/../../../../arm-none-eabi/lib/thumb/v7e-m\libg_nano.a(lib_a-nano-vfprintf_i.o)
 .ARM.attributes
                0x000006c8       0x1c c:/users/maka/documents/02- tools/imt_sdk_win_64/winarm/armgcc/bin/../lib/gcc/arm-none-eabi/7.2.1/../../../../arm-none-eabi/lib/thumb/v7e-m\libg_nano.a(lib_a-memchr.o)
 .ARM.attributes
                0x000006e4       0x2e c:/users/maka/documents/02- tools/imt_sdk_win_64/winarm/armgcc/bin/../lib/gcc/arm-none-eabi/7.2.1/../../../../arm-none-eabi/lib/thumb/v7e-m\libg_nano.a(lib_a-memcpy-stub.o)
 .ARM.attributes
                0x00000712       0x2e c:/users/maka/documents/02- tools/imt_sdk_win_64/winarm/armgcc/bin/../lib/gcc/arm-none-eabi/7.2.1/../../../../arm-none-eabi/lib/thumb/v7e-m\libg_nano.a(lib_a-memmove.o)
 .ARM.attributes
                0x00000740       0x2e c:/users/maka/documents/02- tools/imt_sdk_win_64/winarm/armgcc/bin/../lib/gcc/arm-none-eabi/7.2.1/../../../../arm-none-eabi/lib/thumb/v7e-m\libg_nano.a(lib_a-nano-freer.o)
 .ARM.attributes
                0x0000076e       0x2e c:/users/maka/documents/02- tools/imt_sdk_win_64/winarm/armgcc/bin/../lib/gcc/arm-none-eabi/7.2.1/../../../../arm-none-eabi/lib/thumb/v7e-m\libg_nano.a(lib_a-nano-mallocr.o)
 .ARM.attributes
                0x0000079c       0x2e c:/users/maka/documents/02- tools/imt_sdk_win_64/winarm/armgcc/bin/../lib/gcc/arm-none-eabi/7.2.1/../../../../arm-none-eabi/lib/thumb/v7e-m\libg_nano.a(lib_a-nano-reallocr.o)
 .ARM.attributes
                0x000007ca       0x2e c:/users/maka/documents/02- tools/imt_sdk_win_64/winarm/armgcc/bin/../lib/gcc/arm-none-eabi/7.2.1/../../../../arm-none-eabi/lib/thumb/v7e-m\libg_nano.a(lib_a-sbrkr.o)
 .ARM.attributes
                0x000007f8       0x2e c:/users/maka/documents/02- tools/imt_sdk_win_64/winarm/armgcc/bin/../lib/gcc/arm-none-eabi/7.2.1/../../../../arm-none-eabi/lib/thumb/v7e-m\libg_nano.a(lib_a-mlock.o)
 .ARM.attributes
                0x00000826       0x2e c:/users/maka/documents/02- tools/imt_sdk_win_64/winarm/armgcc/bin/../lib/gcc/arm-none-eabi/7.2.1/../../../../arm-none-eabi/lib/thumb/v7e-m\libg_nano.a(lib_a-nano-msizer.o)

.debug
 *(.debug)

.line
 *(.line)

.debug_srcinfo
 *(.debug_srcinfo)

.debug_sfnames
 *(.debug_sfnames)

.debug_aranges  0x00000000      0x758
 *(.debug_aranges)
 .debug_aranges
                0x00000000       0xc0 ./system/src/stm32f4-hal/stm32f4xx_hal.o
 .debug_aranges
                0x000000c0       0x98 ./system/src/stm32f4-hal/stm32f4xx_hal_cortex.o
 .debug_aranges
                0x00000158       0x88 ./system/src/stm32f4-hal/stm32f4xx_hal_rcc.o
 .debug_aranges
                0x000001e0       0x28 ./system/src/newlib/_exit.o
 .debug_aranges
                0x00000208       0x20 ./system/src/newlib/_sbrk.o
 .debug_aranges
                0x00000228       0x40 ./system/src/newlib/_startup.o
 .debug_aranges
                0x00000268       0x30 ./system/src/newlib/_syscalls.o
 .debug_aranges
                0x00000298       0x28 ./system/src/newlib/assert.o
 .debug_aranges
                0x000002c0       0x38 ./system/src/diag/Trace.o
 .debug_aranges
                0x000002f8       0x30 ./system/src/diag/trace_impl.o
 .debug_aranges
                0x00000328       0x28 ./system/src/cortexm/_initialize_hardware.o
 .debug_aranges
                0x00000350       0x90 ./system/src/cortexm/exception_handlers.o
 .debug_aranges
                0x000003e0       0x28 ./system/src/cmsis/system_stm32f4xx.o
 .debug_aranges
                0x00000408       0x20 ./system/src/cmsis/vectors_stm32f401xc.o
 .debug_aranges
                0x00000428       0x18 ./src/MCAL/UART/UART_conf.o
 .debug_aranges
                0x00000440       0x98 ./src/MCAL/UART/UART_program.o
 .debug_aranges
                0x000004d8       0x60 ./src/MCAL/STK/STK_prg.o
 .debug_aranges
                0x00000538       0x30 ./src/MCAL/RCC/RCC_prog.o
 .debug_aranges
                0x00000568       0x50 ./src/MCAL/NVIC/NVIC_prog.o
 .debug_aranges
                0x000005b8       0x18 ./src/MCAL/GPIO/GPIO_conf.o
 .debug_aranges
                0x000005d0       0x60 ./src/MCAL/GPIO/GPIO_prog.o
 .debug_aranges
                0x00000630       0x38 ./src/HAL/LED/LED_prog.o
 .debug_aranges
                0x00000668       0x18 ./src/HAL/ESP/ESP_conf.o
 .debug_aranges
                0x00000680       0x58 ./src/HAL/ESP/ESP_prog.o
 .debug_aranges
                0x000006d8       0x28 ./src/_initialize_hardware.o
 .debug_aranges
                0x00000700       0x20 ./src/main.o
 .debug_aranges
                0x00000720       0x38 ./src/stm32f4xx_hal_msp.o

.debug_pubnames
 *(.debug_pubnames)

.debug_info     0x00000000     0xea8a
 *(.debug_info .gnu.linkonce.wi.*)
 .debug_info    0x00000000     0x107e ./system/src/stm32f4-hal/stm32f4xx_hal.o
 .debug_info    0x0000107e     0x1863 ./system/src/stm32f4-hal/stm32f4xx_hal_cortex.o
 .debug_info    0x000028e1     0x177e ./system/src/stm32f4-hal/stm32f4xx_hal_rcc.o
 .debug_info    0x0000405f      0x956 ./system/src/newlib/_exit.o
 .debug_info    0x000049b5      0x942 ./system/src/newlib/_sbrk.o
 .debug_info    0x000052f7      0x4bf ./system/src/newlib/_startup.o
 .debug_info    0x000057b6      0xa19 ./system/src/newlib/_syscalls.o
 .debug_info    0x000061cf      0x9ff ./system/src/newlib/assert.o
 .debug_info    0x00006bce      0xb2a ./system/src/diag/Trace.o
 .debug_info    0x000076f8      0xb6b ./system/src/diag/trace_impl.o
 .debug_info    0x00008263      0xade ./system/src/cortexm/_initialize_hardware.o
 .debug_info    0x00008d41     0x115a ./system/src/cortexm/exception_handlers.o
 .debug_info    0x00009e9b      0xcfe ./system/src/cmsis/system_stm32f4xx.o
 .debug_info    0x0000ab99       0xca ./system/src/cmsis/vectors_stm32f401xc.o
 .debug_info    0x0000ac63      0x150 ./src/MCAL/UART/UART_conf.o
 .debug_info    0x0000adb3      0x795 ./src/MCAL/UART/UART_program.o
 .debug_info    0x0000b548      0x1fc ./src/MCAL/STK/STK_prg.o
 .debug_info    0x0000b744      0x2a4 ./src/MCAL/RCC/RCC_prog.o
 .debug_info    0x0000b9e8      0x33f ./src/MCAL/NVIC/NVIC_prog.o
 .debug_info    0x0000bd27      0x121 ./src/MCAL/GPIO/GPIO_conf.o
 .debug_info    0x0000be48      0x480 ./src/MCAL/GPIO/GPIO_prog.o
 .debug_info    0x0000c2c8      0x4c3 ./src/HAL/LED/LED_prog.o
 .debug_info    0x0000c78b      0x154 ./src/HAL/ESP/ESP_conf.o
 .debug_info    0x0000c8df      0x978 ./src/HAL/ESP/ESP_prog.o
 .debug_info    0x0000d257      0xd34 ./src/_initialize_hardware.o
 .debug_info    0x0000df8b      0x1f0 ./src/main.o
 .debug_info    0x0000e17b      0x90f ./src/stm32f4xx_hal_msp.o

.debug_abbrev   0x00000000     0x2f9c
 *(.debug_abbrev)
 .debug_abbrev  0x00000000      0x32b ./system/src/stm32f4-hal/stm32f4xx_hal.o
 .debug_abbrev  0x0000032b      0x3f1 ./system/src/stm32f4-hal/stm32f4xx_hal_cortex.o
 .debug_abbrev  0x0000071c      0x394 ./system/src/stm32f4-hal/stm32f4xx_hal_rcc.o
 .debug_abbrev  0x00000ab0      0x1f3 ./system/src/newlib/_exit.o
 .debug_abbrev  0x00000ca3      0x1fc ./system/src/newlib/_sbrk.o
 .debug_abbrev  0x00000e9f      0x1cb ./system/src/newlib/_startup.o
 .debug_abbrev  0x0000106a      0x234 ./system/src/newlib/_syscalls.o
 .debug_abbrev  0x0000129e      0x1f3 ./system/src/newlib/assert.o
 .debug_abbrev  0x00001491      0x276 ./system/src/diag/Trace.o
 .debug_abbrev  0x00001707      0x2ef ./system/src/diag/trace_impl.o
 .debug_abbrev  0x000019f6      0x1de ./system/src/cortexm/_initialize_hardware.o
 .debug_abbrev  0x00001bd4      0x32b ./system/src/cortexm/exception_handlers.o
 .debug_abbrev  0x00001eff      0x216 ./system/src/cmsis/system_stm32f4xx.o
 .debug_abbrev  0x00002115       0x9d ./system/src/cmsis/vectors_stm32f401xc.o
 .debug_abbrev  0x000021b2       0x65 ./src/MCAL/UART/UART_conf.o
 .debug_abbrev  0x00002217      0x196 ./src/MCAL/UART/UART_program.o
 .debug_abbrev  0x000023ad      0x117 ./src/MCAL/STK/STK_prg.o
 .debug_abbrev  0x000024c4       0xa8 ./src/MCAL/RCC/RCC_prog.o
 .debug_abbrev  0x0000256c      0x130 ./src/MCAL/NVIC/NVIC_prog.o
 .debug_abbrev  0x0000269c       0x65 ./src/MCAL/GPIO/GPIO_conf.o
 .debug_abbrev  0x00002701      0x14b ./src/MCAL/GPIO/GPIO_prog.o
 .debug_abbrev  0x0000284c       0xc7 ./src/HAL/LED/LED_prog.o
 .debug_abbrev  0x00002913       0x86 ./src/HAL/ESP/ESP_conf.o
 .debug_abbrev  0x00002999      0x14e ./src/HAL/ESP/ESP_prog.o
 .debug_abbrev  0x00002ae7      0x22d ./src/_initialize_hardware.o
 .debug_abbrev  0x00002d14       0xd7 ./src/main.o
 .debug_abbrev  0x00002deb      0x1b1 ./src/stm32f4xx_hal_msp.o

.debug_line     0x00000000     0x8d1e
 *(.debug_line)
 .debug_line    0x00000000      0xbb0 ./system/src/stm32f4-hal/stm32f4xx_hal.o
 .debug_line    0x00000bb0      0xca7 ./system/src/stm32f4-hal/stm32f4xx_hal_cortex.o
 .debug_line    0x00001857      0xe32 ./system/src/stm32f4-hal/stm32f4xx_hal_rcc.o
 .debug_line    0x00002689      0x373 ./system/src/newlib/_exit.o
 .debug_line    0x000029fc      0x327 ./system/src/newlib/_sbrk.o
 .debug_line    0x00002d23      0x3ef ./system/src/newlib/_startup.o
 .debug_line    0x00003112      0x446 ./system/src/newlib/_syscalls.o
 .debug_line    0x00003558      0x3ae ./system/src/newlib/assert.o
 .debug_line    0x00003906      0x3ef ./system/src/diag/Trace.o
 .debug_line    0x00003cf5      0xae3 ./system/src/diag/trace_impl.o
 .debug_line    0x000047d8      0xa4c ./system/src/cortexm/_initialize_hardware.o
 .debug_line    0x00005224      0xb9a ./system/src/cortexm/exception_handlers.o
 .debug_line    0x00005dbe      0xa52 ./system/src/cmsis/system_stm32f4xx.o
 .debug_line    0x00006810      0x10b ./system/src/cmsis/vectors_stm32f401xc.o
 .debug_line    0x0000691b       0xb3 ./src/MCAL/UART/UART_conf.o
 .debug_line    0x000069ce      0x2d3 ./src/MCAL/UART/UART_program.o
 .debug_line    0x00006ca1      0x151 ./src/MCAL/STK/STK_prg.o
 .debug_line    0x00006df2      0x111 ./src/MCAL/RCC/RCC_prog.o
 .debug_line    0x00006f03      0x135 ./src/MCAL/NVIC/NVIC_prog.o
 .debug_line    0x00007038       0xa9 ./src/MCAL/GPIO/GPIO_conf.o
 .debug_line    0x000070e1      0x223 ./src/MCAL/GPIO/GPIO_prog.o
 .debug_line    0x00007304      0x13d ./src/HAL/LED/LED_prog.o
 .debug_line    0x00007441       0xd0 ./src/HAL/ESP/ESP_conf.o
 .debug_line    0x00007511      0x248 ./src/HAL/ESP/ESP_prog.o
 .debug_line    0x00007759      0xa45 ./src/_initialize_hardware.o
 .debug_line    0x0000819e      0x13a ./src/main.o
 .debug_line    0x000082d8      0xa46 ./src/stm32f4xx_hal_msp.o

.debug_frame    0x00000000     0x1190
 *(.debug_frame)
 .debug_frame   0x00000000      0x188 ./system/src/stm32f4-hal/stm32f4xx_hal.o
 .debug_frame   0x00000188      0x17c ./system/src/stm32f4-hal/stm32f4xx_hal_cortex.o
 .debug_frame   0x00000304      0x140 ./system/src/stm32f4-hal/stm32f4xx_hal_rcc.o
 .debug_frame   0x00000444       0x38 ./system/src/newlib/_exit.o
 .debug_frame   0x0000047c       0x28 ./system/src/newlib/_sbrk.o
 .debug_frame   0x000004a4       0x7c ./system/src/newlib/_startup.o
 .debug_frame   0x00000520       0x50 ./system/src/newlib/_syscalls.o
 .debug_frame   0x00000570       0x40 ./system/src/newlib/assert.o
 .debug_frame   0x000005b0       0x94 ./system/src/diag/Trace.o
 .debug_frame   0x00000644       0x64 ./system/src/diag/trace_impl.o
 .debug_frame   0x000006a8       0x40 ./system/src/cortexm/_initialize_hardware.o
 .debug_frame   0x000006e8      0x158 ./system/src/cortexm/exception_handlers.o
 .debug_frame   0x00000840       0x30 ./system/src/cmsis/system_stm32f4xx.o
 .debug_frame   0x00000870       0x20 ./system/src/cmsis/vectors_stm32f401xc.o
 .debug_frame   0x00000890      0x150 ./src/MCAL/UART/UART_program.o
 .debug_frame   0x000009e0       0xa8 ./src/MCAL/STK/STK_prg.o
 .debug_frame   0x00000a88       0x40 ./src/MCAL/RCC/RCC_prog.o
 .debug_frame   0x00000ac8       0x8c ./src/MCAL/NVIC/NVIC_prog.o
 .debug_frame   0x00000b54       0xf0 ./src/MCAL/GPIO/GPIO_prog.o
 .debug_frame   0x00000c44       0x70 ./src/HAL/LED/LED_prog.o
 .debug_frame   0x00000cb4       0xf0 ./src/HAL/ESP/ESP_prog.o
 .debug_frame   0x00000da4       0x4c ./src/_initialize_hardware.o
 .debug_frame   0x00000df0       0x28 ./src/main.o
 .debug_frame   0x00000e18       0x50 ./src/stm32f4xx_hal_msp.o
 .debug_frame   0x00000e68       0x2c c:/users/maka/documents/02- tools/imt_sdk_win_64/winarm/armgcc/bin/../lib/gcc/arm-none-eabi/7.2.1/thumb/v7e-m\libgcc.a(_aeabi_uldivmod.o)
 .debug_frame   0x00000e94       0x34 c:/users/maka/documents/02- tools/imt_sdk_win_64/winarm/armgcc/bin/../lib/gcc/arm-none-eabi/7.2.1/thumb/v7e-m\libgcc.a(_udivmoddi4.o)
 .debug_frame   0x00000ec8       0x20 c:/users/maka/documents/02- tools/imt_sdk_win_64/winarm/armgcc/bin/../lib/gcc/arm-none-eabi/7.2.1/../../../../arm-none-eabi/lib/thumb/v7e-m\libg_nano.a(lib_a-errno.o)
 .debug_frame   0x00000ee8       0x4c c:/users/maka/documents/02- tools/imt_sdk_win_64/winarm/armgcc/bin/../lib/gcc/arm-none-eabi/7.2.1/../../../../arm-none-eabi/lib/thumb/v7e-m\libg_nano.a(lib_a-vsnprintf.o)
 .debug_frame   0x00000f34       0x90 c:/users/maka/documents/02- tools/imt_sdk_win_64/winarm/armgcc/bin/../lib/gcc/arm-none-eabi/7.2.1/../../../../arm-none-eabi/lib/thumb/v7e-m\libg_nano.a(lib_a-nano-svfprintf.o)
 .debug_frame   0x00000fc4       0x60 c:/users/maka/documents/02- tools/imt_sdk_win_64/winarm/armgcc/bin/../lib/gcc/arm-none-eabi/7.2.1/../../../../arm-none-eabi/lib/thumb/v7e-m\libg_nano.a(lib_a-nano-vfprintf_i.o)
 .debug_frame   0x00001024       0x28 c:/users/maka/documents/02- tools/imt_sdk_win_64/winarm/armgcc/bin/../lib/gcc/arm-none-eabi/7.2.1/../../../../arm-none-eabi/lib/thumb/v7e-m\libg_nano.a(lib_a-memcpy-stub.o)
 .debug_frame   0x0000104c       0x28 c:/users/maka/documents/02- tools/imt_sdk_win_64/winarm/armgcc/bin/../lib/gcc/arm-none-eabi/7.2.1/../../../../arm-none-eabi/lib/thumb/v7e-m\libg_nano.a(lib_a-memmove.o)
 .debug_frame   0x00001074       0x38 c:/users/maka/documents/02- tools/imt_sdk_win_64/winarm/armgcc/bin/../lib/gcc/arm-none-eabi/7.2.1/../../../../arm-none-eabi/lib/thumb/v7e-m\libg_nano.a(lib_a-nano-freer.o)
 .debug_frame   0x000010ac       0x2c c:/users/maka/documents/02- tools/imt_sdk_win_64/winarm/armgcc/bin/../lib/gcc/arm-none-eabi/7.2.1/../../../../arm-none-eabi/lib/thumb/v7e-m\libg_nano.a(lib_a-nano-mallocr.o)
 .debug_frame   0x000010d8       0x3c c:/users/maka/documents/02- tools/imt_sdk_win_64/winarm/armgcc/bin/../lib/gcc/arm-none-eabi/7.2.1/../../../../arm-none-eabi/lib/thumb/v7e-m\libg_nano.a(lib_a-nano-reallocr.o)
 .debug_frame   0x00001114       0x2c c:/users/maka/documents/02- tools/imt_sdk_win_64/winarm/armgcc/bin/../lib/gcc/arm-none-eabi/7.2.1/../../../../arm-none-eabi/lib/thumb/v7e-m\libg_nano.a(lib_a-sbrkr.o)
 .debug_frame   0x00001140       0x30 c:/users/maka/documents/02- tools/imt_sdk_win_64/winarm/armgcc/bin/../lib/gcc/arm-none-eabi/7.2.1/../../../../arm-none-eabi/lib/thumb/v7e-m\libg_nano.a(lib_a-mlock.o)
 .debug_frame   0x00001170       0x20 c:/users/maka/documents/02- tools/imt_sdk_win_64/winarm/armgcc/bin/../lib/gcc/arm-none-eabi/7.2.1/../../../../arm-none-eabi/lib/thumb/v7e-m\libg_nano.a(lib_a-nano-msizer.o)

.debug_str      0x00000000    0x76012
 *(.debug_str)
 .debug_str     0x00000000    0x6fc57 ./system/src/stm32f4-hal/stm32f4xx_hal.o
                              0x7008b (size before relaxing)
 .debug_str     0x0006fc57      0x396 ./system/src/stm32f4-hal/stm32f4xx_hal_cortex.o
                              0x6fef5 (size before relaxing)
 .debug_str     0x0006ffed      0x3f5 ./system/src/stm32f4-hal/stm32f4xx_hal_rcc.o
                              0x6fc0d (size before relaxing)
 .debug_str     0x000703e2     0x10ff ./system/src/newlib/_exit.o
                               0x7eec (size before relaxing)
 .debug_str     0x000714e1      0x4f5 ./system/src/newlib/_sbrk.o
                               0x729e (size before relaxing)
 .debug_str     0x000719d6      0x2c6 ./system/src/newlib/_startup.o
                               0x6a3f (size before relaxing)
 .debug_str     0x00071c9c      0xe8b ./system/src/newlib/_syscalls.o
                               0x8179 (size before relaxing)
 .debug_str     0x00072b27       0xd0 ./system/src/newlib/assert.o
                               0x89f1 (size before relaxing)
 .debug_str     0x00072bf7      0x176 ./system/src/diag/Trace.o
                               0x8664 (size before relaxing)
 .debug_str     0x00072d6d      0x37b ./system/src/diag/trace_impl.o
                              0x7098a (size before relaxing)
 .debug_str     0x000730e8       0x5e ./system/src/cortexm/_initialize_hardware.o
                              0x6f71c (size before relaxing)
 .debug_str     0x00073146      0x19d ./system/src/cortexm/exception_handlers.o
                              0x70b14 (size before relaxing)
 .debug_str     0x000732e3       0x46 ./system/src/cmsis/system_stm32f4xx.o
                              0x6f7fd (size before relaxing)
 .debug_str     0x00073329       0x59 ./system/src/cmsis/vectors_stm32f401xc.o
                               0x387c (size before relaxing)
 .debug_str     0x00073382      0xbeb ./src/MCAL/UART/UART_conf.o
                               0x3a3e (size before relaxing)
 .debug_str     0x00073f6d      0xe6f ./src/MCAL/UART/UART_program.o
                               0x48ac (size before relaxing)
 .debug_str     0x00074ddc      0x24c ./src/MCAL/STK/STK_prg.o
                               0x3187 (size before relaxing)
 .debug_str     0x00075028      0x3d0 ./src/MCAL/RCC/RCC_prog.o
                               0x364e (size before relaxing)
 .debug_str     0x000753f8      0x2af ./src/MCAL/NVIC/NVIC_prog.o
                               0x3854 (size before relaxing)
 .debug_str     0x000756a7      0x227 ./src/MCAL/GPIO/GPIO_conf.o
                               0x34a1 (size before relaxing)
 .debug_str     0x000758ce      0x17a ./src/MCAL/GPIO/GPIO_prog.o
                               0x382a (size before relaxing)
 .debug_str     0x00075a48      0x247 ./src/HAL/LED/LED_prog.o
                               0x3398 (size before relaxing)
 .debug_str     0x00075c8f      0x148 ./src/HAL/ESP/ESP_conf.o
                               0x31a1 (size before relaxing)
 .debug_str     0x00075dd7      0x1bf ./src/HAL/ESP/ESP_prog.o
                               0x3520 (size before relaxing)
 .debug_str     0x00075f96       0x31 ./src/_initialize_hardware.o
                              0x6f913 (size before relaxing)
 .debug_str     0x00075fc7        0xe ./src/main.o
                               0x3310 (size before relaxing)
 .debug_str     0x00075fd5       0x3d ./src/stm32f4xx_hal_msp.o
                              0x6f664 (size before relaxing)

.debug_loc      0x00000000     0x297e
 *(.debug_loc)
 .debug_loc     0x00000000       0x92 ./system/src/stm32f4-hal/stm32f4xx_hal.o
 .debug_loc     0x00000092      0x73b ./system/src/stm32f4-hal/stm32f4xx_hal_cortex.o
 .debug_loc     0x000007cd      0x50a ./system/src/stm32f4-hal/stm32f4xx_hal_rcc.o
 .debug_loc     0x00000cd7       0x85 ./system/src/newlib/_sbrk.o
 .debug_loc     0x00000d5c      0x2cb ./system/src/newlib/_startup.o
 .debug_loc     0x00001027       0x63 ./system/src/newlib/_syscalls.o
 .debug_loc     0x0000108a      0x134 ./system/src/newlib/assert.o
 .debug_loc     0x000011be       0xf6 ./system/src/diag/Trace.o
 .debug_loc     0x000012b4      0x121 ./system/src/diag/trace_impl.o
 .debug_loc     0x000013d5      0x291 ./system/src/cortexm/exception_handlers.o
 .debug_loc     0x00001666      0x13e ./system/src/cmsis/system_stm32f4xx.o
 .debug_loc     0x000017a4      0x1e4 ./src/MCAL/UART/UART_program.o
 .debug_loc     0x00001988      0x134 ./src/MCAL/RCC/RCC_prog.o
 .debug_loc     0x00001abc      0x1f2 ./src/MCAL/NVIC/NVIC_prog.o
 .debug_loc     0x00001cae      0xad2 ./src/MCAL/GPIO/GPIO_prog.o
 .debug_loc     0x00002780       0x84 ./src/HAL/LED/LED_prog.o
 .debug_loc     0x00002804      0x150 ./src/HAL/ESP/ESP_prog.o
 .debug_loc     0x00002954       0x2a ./src/main.o

.debug_macinfo
 *(.debug_macinfo)

.debug_weaknames
 *(.debug_weaknames)

.debug_funcnames
 *(.debug_funcnames)

.debug_typenames
 *(.debug_typenames)

.debug_varnames
 *(.debug_varnames)
OUTPUT(WIFI_ESP.elf elf32-littlearm)

.debug_ranges   0x00000000      0x680
 .debug_ranges  0x00000000       0xb0 ./system/src/stm32f4-hal/stm32f4xx_hal.o
 .debug_ranges  0x000000b0       0xe8 ./system/src/stm32f4-hal/stm32f4xx_hal_cortex.o
 .debug_ranges  0x00000198       0x78 ./system/src/stm32f4-hal/stm32f4xx_hal_rcc.o
 .debug_ranges  0x00000210       0x18 ./system/src/newlib/_exit.o
 .debug_ranges  0x00000228       0x10 ./system/src/newlib/_sbrk.o
 .debug_ranges  0x00000238       0x90 ./system/src/newlib/_startup.o
 .debug_ranges  0x000002c8       0x20 ./system/src/newlib/_syscalls.o
 .debug_ranges  0x000002e8       0x18 ./system/src/newlib/assert.o
 .debug_ranges  0x00000300       0x28 ./system/src/diag/Trace.o
 .debug_ranges  0x00000328       0x50 ./system/src/diag/trace_impl.o
 .debug_ranges  0x00000378       0x18 ./system/src/cortexm/_initialize_hardware.o
 .debug_ranges  0x00000390       0x80 ./system/src/cortexm/exception_handlers.o
 .debug_ranges  0x00000410       0x18 ./system/src/cmsis/system_stm32f4xx.o
 .debug_ranges  0x00000428       0x10 ./system/src/cmsis/vectors_stm32f401xc.o
 .debug_ranges  0x00000438       0x88 ./src/MCAL/UART/UART_program.o
 .debug_ranges  0x000004c0       0x50 ./src/MCAL/STK/STK_prg.o
 .debug_ranges  0x00000510       0x20 ./src/MCAL/RCC/RCC_prog.o
 .debug_ranges  0x00000530       0x40 ./src/MCAL/NVIC/NVIC_prog.o
 .debug_ranges  0x00000570       0x50 ./src/MCAL/GPIO/GPIO_prog.o
 .debug_ranges  0x000005c0       0x28 ./src/HAL/LED/LED_prog.o
 .debug_ranges  0x000005e8       0x48 ./src/HAL/ESP/ESP_prog.o
 .debug_ranges  0x00000630       0x18 ./src/_initialize_hardware.o
 .debug_ranges  0x00000648       0x10 ./src/main.o
 .debug_ranges  0x00000658       0x28 ./src/stm32f4xx_hal_msp.o

.debug_macro    0x00000000    0x15bb7
 .debug_macro   0x00000000      0x532 ./system/src/stm32f4-hal/stm32f4xx_hal.o
 .debug_macro   0x00000532      0xa6c ./system/src/stm32f4-hal/stm32f4xx_hal.o
 .debug_macro   0x00000f9e      0x289 ./system/src/stm32f4-hal/stm32f4xx_hal.o
 .debug_macro   0x00001227       0x31 ./system/src/stm32f4-hal/stm32f4xx_hal.o
 .debug_macro   0x00001258       0x28 ./system/src/stm32f4-hal/stm32f4xx_hal.o
 .debug_macro   0x00001280      0x34e ./system/src/stm32f4-hal/stm32f4xx_hal.o
 .debug_macro   0x000015ce       0x35 ./system/src/stm32f4-hal/stm32f4xx_hal.o
 .debug_macro   0x00001603       0x50 ./system/src/stm32f4-hal/stm32f4xx_hal.o
 .debug_macro   0x00001653      0xe66 ./system/src/stm32f4-hal/stm32f4xx_hal.o
 .debug_macro   0x000024b9     0x5099 ./system/src/stm32f4-hal/stm32f4xx_hal.o
 .debug_macro   0x00007552       0x43 ./system/src/stm32f4-hal/stm32f4xx_hal.o
 .debug_macro   0x00007595     0x347f ./system/src/stm32f4-hal/stm32f4xx_hal.o
 .debug_macro   0x0000aa14       0x22 ./system/src/stm32f4-hal/stm32f4xx_hal.o
 .debug_macro   0x0000aa36       0x52 ./system/src/stm32f4-hal/stm32f4xx_hal.o
 .debug_macro   0x0000aa88       0x17 ./system/src/stm32f4-hal/stm32f4xx_hal.o
 .debug_macro   0x0000aa9f       0x8d ./system/src/stm32f4-hal/stm32f4xx_hal.o
 .debug_macro   0x0000ab2c       0x35 ./system/src/stm32f4-hal/stm32f4xx_hal.o
 .debug_macro   0x0000ab61       0x9c ./system/src/stm32f4-hal/stm32f4xx_hal.o
 .debug_macro   0x0000abfd       0x16 ./system/src/stm32f4-hal/stm32f4xx_hal.o
 .debug_macro   0x0000ac13       0x57 ./system/src/stm32f4-hal/stm32f4xx_hal.o
 .debug_macro   0x0000ac6a       0x97 ./system/src/stm32f4-hal/stm32f4xx_hal.o
 .debug_macro   0x0000ad01      0x330 ./system/src/stm32f4-hal/stm32f4xx_hal.o
 .debug_macro   0x0000b031       0xfd ./system/src/stm32f4-hal/stm32f4xx_hal.o
 .debug_macro   0x0000b12e       0x10 ./system/src/stm32f4-hal/stm32f4xx_hal.o
 .debug_macro   0x0000b13e       0x58 ./system/src/stm32f4-hal/stm32f4xx_hal.o
 .debug_macro   0x0000b196       0x1f ./system/src/stm32f4-hal/stm32f4xx_hal.o
 .debug_macro   0x0000b1b5       0x43 ./system/src/stm32f4-hal/stm32f4xx_hal.o
 .debug_macro   0x0000b1f8       0x20 ./system/src/stm32f4-hal/stm32f4xx_hal.o
 .debug_macro   0x0000b218      0x18e ./system/src/stm32f4-hal/stm32f4xx_hal.o
 .debug_macro   0x0000b3a6       0x10 ./system/src/stm32f4-hal/stm32f4xx_hal.o
 .debug_macro   0x0000b3b6       0x6a ./system/src/stm32f4-hal/stm32f4xx_hal.o
 .debug_macro   0x0000b420       0x1c ./system/src/stm32f4-hal/stm32f4xx_hal.o
 .debug_macro   0x0000b43c       0x52 ./system/src/stm32f4-hal/stm32f4xx_hal.o
 .debug_macro   0x0000b48e       0x40 ./system/src/stm32f4-hal/stm32f4xx_hal.o
 .debug_macro   0x0000b4ce       0x10 ./system/src/stm32f4-hal/stm32f4xx_hal.o
 .debug_macro   0x0000b4de       0x40 ./system/src/stm32f4-hal/stm32f4xx_hal.o
 .debug_macro   0x0000b51e       0xd7 ./system/src/stm32f4-hal/stm32f4xx_hal.o
 .debug_macro   0x0000b5f5       0x1c ./system/src/stm32f4-hal/stm32f4xx_hal.o
 .debug_macro   0x0000b611       0x3d ./system/src/stm32f4-hal/stm32f4xx_hal.o
 .debug_macro   0x0000b64e       0x16 ./system/src/stm32f4-hal/stm32f4xx_hal.o
 .debug_macro   0x0000b664      0x16f ./system/src/stm32f4-hal/stm32f4xx_hal.o
 .debug_macro   0x0000b7d3       0x57 ./system/src/stm32f4-hal/stm32f4xx_hal.o
 .debug_macro   0x0000b82a      0x424 ./system/src/stm32f4-hal/stm32f4xx_hal.o
 .debug_macro   0x0000bc4e      0x9e1 ./system/src/stm32f4-hal/stm32f4xx_hal.o
 .debug_macro   0x0000c62f      0x11e ./system/src/stm32f4-hal/stm32f4xx_hal.o
 .debug_macro   0x0000c74d       0xf8 ./system/src/stm32f4-hal/stm32f4xx_hal.o
 .debug_macro   0x0000c845       0x27 ./system/src/stm32f4-hal/stm32f4xx_hal.o
 .debug_macro   0x0000c86c      0x287 ./system/src/stm32f4-hal/stm32f4xx_hal.o
 .debug_macro   0x0000caf3       0x5f ./system/src/stm32f4-hal/stm32f4xx_hal.o
 .debug_macro   0x0000cb52      0x23a ./system/src/stm32f4-hal/stm32f4xx_hal.o
 .debug_macro   0x0000cd8c      0x391 ./system/src/stm32f4-hal/stm32f4xx_hal.o
 .debug_macro   0x0000d11d      0x16f ./system/src/stm32f4-hal/stm32f4xx_hal.o
 .debug_macro   0x0000d28c       0xf9 ./system/src/stm32f4-hal/stm32f4xx_hal.o
 .debug_macro   0x0000d385       0x23 ./system/src/stm32f4-hal/stm32f4xx_hal.o
 .debug_macro   0x0000d3a8      0x13a ./system/src/stm32f4-hal/stm32f4xx_hal.o
 .debug_macro   0x0000d4e2      0x23a ./system/src/stm32f4-hal/stm32f4xx_hal.o
 .debug_macro   0x0000d71c       0x2e ./system/src/stm32f4-hal/stm32f4xx_hal.o
 .debug_macro   0x0000d74a      0x1a7 ./system/src/stm32f4-hal/stm32f4xx_hal.o
 .debug_macro   0x0000d8f1       0x22 ./system/src/stm32f4-hal/stm32f4xx_hal.o
 .debug_macro   0x0000d913       0xa5 ./system/src/stm32f4-hal/stm32f4xx_hal.o
 .debug_macro   0x0000d9b8      0x18b ./system/src/stm32f4-hal/stm32f4xx_hal.o
 .debug_macro   0x0000db43       0x24 ./system/src/stm32f4-hal/stm32f4xx_hal.o
 .debug_macro   0x0000db67       0x35 ./system/src/stm32f4-hal/stm32f4xx_hal.o
 .debug_macro   0x0000db9c       0x79 ./system/src/stm32f4-hal/stm32f4xx_hal.o
 .debug_macro   0x0000dc15      0x11e ./system/src/stm32f4-hal/stm32f4xx_hal.o
 .debug_macro   0x0000dd33       0x85 ./system/src/stm32f4-hal/stm32f4xx_hal.o
 .debug_macro   0x0000ddb8       0x89 ./system/src/stm32f4-hal/stm32f4xx_hal.o
 .debug_macro   0x0000de41      0x31a ./system/src/stm32f4-hal/stm32f4xx_hal.o
 .debug_macro   0x0000e15b      0x409 ./system/src/stm32f4-hal/stm32f4xx_hal.o
 .debug_macro   0x0000e564       0xe4 ./system/src/stm32f4-hal/stm32f4xx_hal.o
 .debug_macro   0x0000e648      0x48d ./system/src/stm32f4-hal/stm32f4xx_hal.o
 .debug_macro   0x0000ead5      0x22b ./system/src/stm32f4-hal/stm32f4xx_hal.o
 .debug_macro   0x0000ed00      0x202 ./system/src/stm32f4-hal/stm32f4xx_hal.o
 .debug_macro   0x0000ef02      0x6d9 ./system/src/stm32f4-hal/stm32f4xx_hal.o
 .debug_macro   0x0000f5db       0x5b ./system/src/stm32f4-hal/stm32f4xx_hal.o
 .debug_macro   0x0000f636      0x14d ./system/src/stm32f4-hal/stm32f4xx_hal.o
 .debug_macro   0x0000f783      0x287 ./system/src/stm32f4-hal/stm32f4xx_hal.o
 .debug_macro   0x0000fa0a      0x225 ./system/src/stm32f4-hal/stm32f4xx_hal.o
 .debug_macro   0x0000fc2f      0x1b5 ./system/src/stm32f4-hal/stm32f4xx_hal.o
 .debug_macro   0x0000fde4      0x2db ./system/src/stm32f4-hal/stm32f4xx_hal.o
 .debug_macro   0x000100bf       0x89 ./system/src/stm32f4-hal/stm32f4xx_hal.o
 .debug_macro   0x00010148      0x1df ./system/src/stm32f4-hal/stm32f4xx_hal.o
 .debug_macro   0x00010327      0x115 ./system/src/stm32f4-hal/stm32f4xx_hal.o
 .debug_macro   0x0001043c       0x6e ./system/src/stm32f4-hal/stm32f4xx_hal.o
 .debug_macro   0x000104aa      0x11e ./system/src/stm32f4-hal/stm32f4xx_hal.o
 .debug_macro   0x000105c8      0x4e4 ./system/src/stm32f4-hal/stm32f4xx_hal_cortex.o
 .debug_macro   0x00010aac      0x50e ./system/src/stm32f4-hal/stm32f4xx_hal_rcc.o
 .debug_macro   0x00010fba      0x1b4 ./system/src/newlib/_exit.o
 .debug_macro   0x0001116e      0x10e ./system/src/newlib/_exit.o
 .debug_macro   0x0001127c       0x8d ./system/src/newlib/_exit.o
 .debug_macro   0x00011309       0x35 ./system/src/newlib/_exit.o
 .debug_macro   0x0001133e      0x169 ./system/src/newlib/_sbrk.o
 .debug_macro   0x000114a7      0x174 ./system/src/newlib/_sbrk.o
 .debug_macro   0x0001161b       0x10 ./system/src/newlib/_sbrk.o
 .debug_macro   0x0001162b      0x23b ./system/src/newlib/_sbrk.o
 .debug_macro   0x00011866      0x173 ./system/src/newlib/_startup.o
 .debug_macro   0x000119d9      0xa72 ./system/src/newlib/_startup.o
 .debug_macro   0x0001244b      0x217 ./system/src/newlib/_syscalls.o
 .debug_macro   0x00012662       0x1c ./system/src/newlib/_syscalls.o
 .debug_macro   0x0001267e       0x10 ./system/src/newlib/_syscalls.o
 .debug_macro   0x0001268e       0x10 ./system/src/newlib/_syscalls.o
 .debug_macro   0x0001269e       0x10 ./system/src/newlib/_syscalls.o
 .debug_macro   0x000126ae       0x35 ./system/src/newlib/_syscalls.o
 .debug_macro   0x000126e3      0x122 ./system/src/newlib/_syscalls.o
 .debug_macro   0x00012805       0x88 ./system/src/newlib/_syscalls.o
 .debug_macro   0x0001288d       0x2b ./system/src/newlib/_syscalls.o
 .debug_macro   0x000128b8      0x118 ./system/src/newlib/_syscalls.o
 .debug_macro   0x000129d0      0x189 ./system/src/newlib/_syscalls.o
 .debug_macro   0x00012b59       0x16 ./system/src/newlib/_syscalls.o
 .debug_macro   0x00012b6f      0x1d0 ./system/src/newlib/assert.o
 .debug_macro   0x00012d3f       0x1c ./system/src/newlib/assert.o
 .debug_macro   0x00012d5b      0x1fb ./system/src/diag/Trace.o
 .debug_macro   0x00012f56       0x4c ./system/src/diag/Trace.o
 .debug_macro   0x00012fa2       0x16 ./system/src/diag/Trace.o
 .debug_macro   0x00012fb8      0x52a ./system/src/diag/trace_impl.o
 .debug_macro   0x000134e2       0x22 ./system/src/diag/trace_impl.o
 .debug_macro   0x00013504      0x4ee ./system/src/cortexm/_initialize_hardware.o
 .debug_macro   0x000139f2      0x557 ./system/src/cortexm/exception_handlers.o
 .debug_macro   0x00013f49       0x3b ./system/src/cortexm/exception_handlers.o
 .debug_macro   0x00013f84      0x4ea ./system/src/cmsis/system_stm32f4xx.o
 .debug_macro   0x0001446e       0x34 ./system/src/cmsis/vectors_stm32f401xc.o
 .debug_macro   0x000144a2       0x3f ./src/MCAL/UART/UART_conf.o
 .debug_macro   0x000144e1       0x3a ./src/MCAL/UART/UART_conf.o
 .debug_macro   0x0001451b      0x17e ./src/MCAL/UART/UART_conf.o
 .debug_macro   0x00014699       0x1c ./src/MCAL/UART/UART_conf.o
 .debug_macro   0x000146b5       0x76 ./src/MCAL/UART/UART_conf.o
 .debug_macro   0x0001472b       0x5a ./src/MCAL/UART/UART_program.o
 .debug_macro   0x00014785      0x136 ./src/MCAL/UART/UART_program.o
 .debug_macro   0x000148bb       0xf4 ./src/MCAL/UART/UART_program.o
 .debug_macro   0x000149af      0x2a0 ./src/MCAL/UART/UART_program.o
 .debug_macro   0x00014c4f       0x40 ./src/MCAL/STK/STK_prg.o
 .debug_macro   0x00014c8f       0x16 ./src/MCAL/STK/STK_prg.o
 .debug_macro   0x00014ca5       0x52 ./src/MCAL/STK/STK_prg.o
 .debug_macro   0x00014cf7       0x55 ./src/MCAL/RCC/RCC_prog.o
 .debug_macro   0x00014d4c       0x16 ./src/MCAL/RCC/RCC_prog.o
 .debug_macro   0x00014d62       0x52 ./src/MCAL/RCC/RCC_prog.o
 .debug_macro   0x00014db4       0xd6 ./src/MCAL/RCC/RCC_prog.o
 .debug_macro   0x00014e8a       0x3f ./src/MCAL/NVIC/NVIC_prog.o
 .debug_macro   0x00014ec9       0x16 ./src/MCAL/NVIC/NVIC_prog.o
 .debug_macro   0x00014edf       0x22 ./src/MCAL/NVIC/NVIC_prog.o
 .debug_macro   0x00014f01       0x3f ./src/MCAL/GPIO/GPIO_conf.o
 .debug_macro   0x00014f40       0x2e ./src/MCAL/GPIO/GPIO_conf.o
 .debug_macro   0x00014f6e       0x1c ./src/MCAL/GPIO/GPIO_conf.o
 .debug_macro   0x00014f8a       0x48 ./src/MCAL/GPIO/GPIO_prog.o
 .debug_macro   0x00014fd2       0x40 ./src/HAL/LED/LED_prog.o
 .debug_macro   0x00015012       0x40 ./src/HAL/LED/LED_prog.o
 .debug_macro   0x00015052       0x6a ./src/HAL/LED/LED_prog.o
 .debug_macro   0x000150bc       0x4a ./src/HAL/ESP/ESP_conf.o
 .debug_macro   0x00015106       0x34 ./src/HAL/ESP/ESP_conf.o
 .debug_macro   0x0001513a       0x54 ./src/HAL/ESP/ESP_prog.o
 .debug_macro   0x0001518e      0x4e4 ./src/_initialize_hardware.o
 .debug_macro   0x00015672       0x61 ./src/main.o
 .debug_macro   0x000156d3      0x4e4 ./src/stm32f4xx_hal_msp.o
